// Jest Snapshot v1, https://goo.gl/fbAQLP

exports[`<ThreeRoundButtonSvg /> 스냅샷 비교 1`] = `
<ThreeRoundButtonSvg>
  <svg
    aria-label="옵션 더 보기"
    className="_8-yf5 "
    fill="#262626"
    height="16"
    onClick={[Function]}
    style={
      Object {
        "marginRight": "8px",
      }
    }
    viewBox="0 0 48 48"
    width="16"
  >
    <circle
      clipRule="evenodd"
      cx="8"
      cy="24"
      fillRule="evenodd"
      r="4.5"
    />
    <circle
      clipRule="evenodd"
      cx="24"
      cy="24"
      fillRule="evenodd"
      r="4.5"
    />
    <circle
      clipRule="evenodd"
      cx="40"
      cy="24"
      fillRule="evenodd"
      r="4.5"
    />
  </svg>
</ThreeRoundButtonSvg>
`;
