// Jest Snapshot v1, https://goo.gl/fbAQLP

exports[`<Addpost /> 스냅샷 비교 1`] = `
<Router
  history={
    Object {
      "action": "POP",
      "block": [Function],
      "canGo": [Function],
      "createHref": [Function],
      "entries": Array [
        Object {
          "hash": "",
          "key": "testKey",
          "pathname": "/gibong@gmail.com",
          "search": "",
        },
      ],
      "go": [Function],
      "goBack": [Function],
      "goForward": [Function],
      "index": 0,
      "length": 1,
      "listen": [Function],
      "location": Object {
        "hash": "",
        "key": "testKey",
        "pathname": "/gibong@gmail.com",
        "search": "",
      },
      "push": [Function],
      "replace": [Function],
    }
  }
>
  <AddPost
    currentUser="gibong@gmail.com"
  />
</Router>
`;
