// Jest Snapshot v1, https://goo.gl/fbAQLP

exports[`<Comment /> renders comments 1`] = `
<Comment
  commentAPI={
    Array [
      Object {
        "_id": "5e90119435a2d94f9e08e35a",
        "id": 1,
        "like": Array [
          "noone@gmail.com",
        ],
        "postLId": 1,
        "replyToCommentId": null,
        "title": "title1",
        "userName": "gibong@gmail.com",
      },
    ]
  }
  currentUser="gibong@gmail.com"
  posting={
    Object {
      "_id": "5e8ec52d9bb4913b5a844423",
      "id": 1,
      "imageUrl": "http://localhost:3000/static/images/1.jpg",
      "like": Array [
        "gibong@gmail.com",
      ],
      "tag": Array [
        "landscape",
      ],
      "title": "posting with id 1",
      "userName": "gibong@gmail.com",
    }
  }
>
  <ul
    key="comment11"
  >
    <div>
      <EmotionCssPropInternal
        __EMOTION_TYPE_PLEASE_DO_NOT_USE__="li"
        css={
          Object {
            "map": "/*# sourceMappingURL=data:application/json;charset=utf-8;base64,eyJ2ZXJzaW9uIjozLCJzb3VyY2VzIjpbIkNvbW1lbnQuanMiXSwibmFtZXMiOltdLCJtYXBwaW5ncyI6IkFBZ0V1QiIsImZpbGUiOiJDb21tZW50LmpzIiwic291cmNlc0NvbnRlbnQiOlsiaW1wb3J0IFJlYWN0IGZyb20gJ3JlYWN0JztcbmltcG9ydCB7IGNzcyB9IGZyb20gJ0BlbW90aW9uL2NvcmUnO1xuaW1wb3J0IE1vZGFsQm94Q29tbWVudCBmcm9tICcuL01vZGFsQm94Q29tbWVudCc7XG5pbXBvcnQgTW9kYWxCb3hSZXBseSBmcm9tICcuL01vZGFsQm94UmVwbHknO1xuXG5mdW5jdGlvbiBDb21tZW50KHtcbiAgcG9zdGluZyxcbiAgY3VycmVudFVzZXIsXG4gIGNvbW1lbnRBUEksXG4gIHNldENvbW1lbnRBUEksXG4gIGFkZENvbW1lbnRcbn0pIHtcbiAgY29tbWVudEFQSS5zb3J0KChhLCBiKSA9PiB7XG4gICAgcmV0dXJuIChcbiAgICAgIChhLnJlcGx5VG9Db21tZW50SWQgIT09IHVuZGVmaW5lZCA/IGEucmVwbHlUb0NvbW1lbnRJZCA6IGEuaWQpIC1cbiAgICAgIChiLnJlcGx5VG9Db21tZW50SWQgIT09IHVuZGVmaW5lZCA/IGIucmVwbHlUb0NvbW1lbnRJZCA6IGIuaWQpXG4gICAgKTtcbiAgfSk7XG5cbiAgcmV0dXJuIChcbiAgICA8PlxuICAgICAge2NvbW1lbnRBUEkubWFwKChwb3N0aW5ncywgaSkgPT4gKFxuICAgICAgICA8dWwga2V5PXtgY29tbWVudCR7cG9zdGluZy5pZH0ke3Bvc3RpbmdzLmlkfWB9PlxuICAgICAgICAgIDxkaXY+XG4gICAgICAgICAgICA8bGkgY3NzPXtbZGlzcGxheUZsZXhdfT5cbiAgICAgICAgICAgICAge3Bvc3RpbmdzLnJlcGx5VG9Db21tZW50SWQgJiYgKFxuICAgICAgICAgICAgICAgIDxzcGFuPiZuYnNwOyZuYnNwOyZuYnNwOyZuYnNwOyZuYnNwOzwvc3Bhbj5cbiAgICAgICAgICAgICAgKX1cbiAgICAgICAgICAgICAgPGRpdiBjc3M9e1tmb250Qm9sZF19PlxuICAgICAgICAgICAgICAgIHtwb3N0aW5ncy51c2VyTmFtZS5zdWJzdHJpbmcoMCwgcG9zdGluZy51c2VyTmFtZS5pbmRleE9mKCdAJykpfVxuICAgICAgICAgICAgICA8L2Rpdj5cbiAgICAgICAgICAgICAgPGRpdiBjc3M9e1t3b3JkQnJlYWtdfT57YDogJHtwb3N0aW5ncy50aXRsZX1gfTwvZGl2PlxuICAgICAgICAgICAgPC9saT5cbiAgICAgICAgICA8L2Rpdj5cbiAgICAgICAgICA8ZGl2PlxuICAgICAgICAgICAge3Bvc3RpbmdzLnJlcGx5VG9Db21tZW50SWQgJiYgKFxuICAgICAgICAgICAgICA8c3Bhbj4mbmJzcDsmbmJzcDsmbmJzcDsmbmJzcDsmbmJzcDsmbmJzcDs8L3NwYW4+XG4gICAgICAgICAgICApfVxuICAgICAgICAgICAge3Bvc3RpbmdzLnVzZXJOYW1lID09PSBjdXJyZW50VXNlciAmJiAoXG4gICAgICAgICAgICAgIDxNb2RhbEJveENvbW1lbnRcbiAgICAgICAgICAgICAgICBwb3N0aW5ncz17cG9zdGluZ3N9XG4gICAgICAgICAgICAgICAgY29tbWVudEFQST17Y29tbWVudEFQSX1cbiAgICAgICAgICAgICAgICBjdXJyZW50VXNlcj17Y3VycmVudFVzZXJ9XG4gICAgICAgICAgICAgICAgaW5kZXhPZkNvbW1lbnRPblRoaXNQb3N0aW5nPXtpfVxuICAgICAgICAgICAgICAgIGFkZENvbW1lbnQ9e2FkZENvbW1lbnR9XG4gICAgICAgICAgICAgICAgc2V0Q29tbWVudEFQST17c2V0Q29tbWVudEFQSX1cbiAgICAgICAgICAgICAgLz5cbiAgICAgICAgICAgICl9XG4gICAgICAgICAgICB7cG9zdGluZ3MucmVwbHlUb0NvbW1lbnRJZCAhPT0gdW5kZWZpbmVkIHx8IChcbiAgICAgICAgICAgICAgPE1vZGFsQm94UmVwbHlcbiAgICAgICAgICAgICAgICBwb3N0aW5ncz17cG9zdGluZ3N9XG4gICAgICAgICAgICAgICAgY29tbWVudEFQST17Y29tbWVudEFQSX1cbiAgICAgICAgICAgICAgICBjdXJyZW50VXNlcj17Y3VycmVudFVzZXJ9XG4gICAgICAgICAgICAgICAgaW5kZXhPZkNvbW1lbnRPblRoaXNQb3N0aW5nPXtpfVxuICAgICAgICAgICAgICAgIGFkZENvbW1lbnQ9e2FkZENvbW1lbnR9XG4gICAgICAgICAgICAgICAgc2V0Q29tbWVudEFQST17c2V0Q29tbWVudEFQSX1cbiAgICAgICAgICAgICAgLz5cbiAgICAgICAgICAgICl9XG4gICAgICAgICAgPC9kaXY+XG4gICAgICAgIDwvdWw+XG4gICAgICApKX1cbiAgICA8Lz5cbiAgKTtcbn1cbmNvbnN0IGRpc3BsYXlGbGV4ID0gY3NzYFxuICBkaXNwbGF5OiBmbGV4O1xuYDtcblxuY29uc3Qgd29yZEJyZWFrID0gY3NzYFxuICB3b3JkLWJyZWFrOiBicmVhay1hbGw7XG4gIGRpc3BsYXk6IGZsZXg7XG5gO1xuXG5jb25zdCBmb250Qm9sZCA9IGNzc2BcbiAgZm9udC13ZWlnaHQ6IGJvbGQ7XG5gO1xuXG4vLyBDb21tZW50LnByb3BUeXBlcyA9IHtcbi8vICAgY3VycmVudFVzZXI6IFByb3BUeXBlcy5zdHJpbmcsXG4vLyAgIHBvc3Rpbmc6IFByb3BUeXBlcy5leGFjdCh7XG4vLyAgICAgaWQ6IFByb3BUeXBlcy5udW1iZXIsXG4vLyAgICAgdGl0bGU6IFByb3BUeXBlcy5zdHJpbmcsXG4vLyAgICAgaW1hZ2VVcmw6IFByb3BUeXBlcy5zdHJpbmcsXG4vLyAgICAgdXNlck5hbWU6IFByb3BUeXBlcy5zdHJpbmcsXG4vLyAgICAgbGlrZTogUHJvcFR5cGVzLmFycmF5T2YoUHJvcFR5cGVzLnN0cmluZylcbi8vICAgfSksXG4vLyAgIGNvbW1lbnRzOiBQcm9wVHlwZXMuYXJyYXlPZihQcm9wVHlwZXMub2JqZWN0KSxcbi8vICAgY29tbWVudEFQSTogUHJvcFR5cGVzLm9uZU9mVHlwZShbUHJvcFR5cGVzLmFycmF5XSksXG4vLyAgIHNldENvbW1lbnRBUEk6IFByb3BUeXBlcy5lbGVtZW50VHlwZSxcbi8vICAgYWRkQ29tbWVudDogUHJvcFR5cGVzLmZ1bmNcbi8vIH07XG5cbi8vIENvbW1lbnQuZGVmYXVsdFByb3BzID0ge1xuLy8gICBjdXJyZW50VXNlcjogXCJcIixcbi8vICAgcG9zdGluZzogW10sXG4vLyAgIGNvbW1lbnRzOiB7fVxuLy8gfTtcblxuZXhwb3J0IGRlZmF1bHQgQ29tbWVudDtcbiJdfQ== */",
            "name": "x0w56o-displayFlex",
            "next": undefined,
            "styles": "display:flex;;label:displayFlex;;/*# sourceMappingURL=data:application/json;charset=utf-8;base64,eyJ2ZXJzaW9uIjozLCJzb3VyY2VzIjpbIkNvbW1lbnQuanMiXSwibmFtZXMiOltdLCJtYXBwaW5ncyI6IkFBd0JnQiIsImZpbGUiOiJDb21tZW50LmpzIiwic291cmNlc0NvbnRlbnQiOlsiaW1wb3J0IFJlYWN0IGZyb20gJ3JlYWN0JztcbmltcG9ydCB7IGNzcyB9IGZyb20gJ0BlbW90aW9uL2NvcmUnO1xuaW1wb3J0IE1vZGFsQm94Q29tbWVudCBmcm9tICcuL01vZGFsQm94Q29tbWVudCc7XG5pbXBvcnQgTW9kYWxCb3hSZXBseSBmcm9tICcuL01vZGFsQm94UmVwbHknO1xuXG5mdW5jdGlvbiBDb21tZW50KHtcbiAgcG9zdGluZyxcbiAgY3VycmVudFVzZXIsXG4gIGNvbW1lbnRBUEksXG4gIHNldENvbW1lbnRBUEksXG4gIGFkZENvbW1lbnRcbn0pIHtcbiAgY29tbWVudEFQSS5zb3J0KChhLCBiKSA9PiB7XG4gICAgcmV0dXJuIChcbiAgICAgIChhLnJlcGx5VG9Db21tZW50SWQgIT09IHVuZGVmaW5lZCA/IGEucmVwbHlUb0NvbW1lbnRJZCA6IGEuaWQpIC1cbiAgICAgIChiLnJlcGx5VG9Db21tZW50SWQgIT09IHVuZGVmaW5lZCA/IGIucmVwbHlUb0NvbW1lbnRJZCA6IGIuaWQpXG4gICAgKTtcbiAgfSk7XG5cbiAgcmV0dXJuIChcbiAgICA8PlxuICAgICAge2NvbW1lbnRBUEkubWFwKChwb3N0aW5ncywgaSkgPT4gKFxuICAgICAgICA8dWwga2V5PXtgY29tbWVudCR7cG9zdGluZy5pZH0ke3Bvc3RpbmdzLmlkfWB9PlxuICAgICAgICAgIDxkaXY+XG4gICAgICAgICAgICA8bGkgY3NzPXtbZGlzcGxheUZsZXhdfT5cbiAgICAgICAgICAgICAge3Bvc3RpbmdzLnJlcGx5VG9Db21tZW50SWQgJiYgKFxuICAgICAgICAgICAgICAgIDxzcGFuPiZuYnNwOyZuYnNwOyZuYnNwOyZuYnNwOyZuYnNwOzwvc3Bhbj5cbiAgICAgICAgICAgICAgKX1cbiAgICAgICAgICAgICAgPGRpdiBjc3M9e1tmb250Qm9sZF19PlxuICAgICAgICAgICAgICAgIHtwb3N0aW5ncy51c2VyTmFtZS5zdWJzdHJpbmcoMCwgcG9zdGluZy51c2VyTmFtZS5pbmRleE9mKCdAJykpfVxuICAgICAgICAgICAgICA8L2Rpdj5cbiAgICAgICAgICAgICAgPGRpdiBjc3M9e1t3b3JkQnJlYWtdfT57YDogJHtwb3N0aW5ncy50aXRsZX1gfTwvZGl2PlxuICAgICAgICAgICAgPC9saT5cbiAgICAgICAgICA8L2Rpdj5cbiAgICAgICAgICA8ZGl2PlxuICAgICAgICAgICAge3Bvc3RpbmdzLnJlcGx5VG9Db21tZW50SWQgJiYgKFxuICAgICAgICAgICAgICA8c3Bhbj4mbmJzcDsmbmJzcDsmbmJzcDsmbmJzcDsmbmJzcDsmbmJzcDs8L3NwYW4+XG4gICAgICAgICAgICApfVxuICAgICAgICAgICAge3Bvc3RpbmdzLnVzZXJOYW1lID09PSBjdXJyZW50VXNlciAmJiAoXG4gICAgICAgICAgICAgIDxNb2RhbEJveENvbW1lbnRcbiAgICAgICAgICAgICAgICBwb3N0aW5ncz17cG9zdGluZ3N9XG4gICAgICAgICAgICAgICAgY29tbWVudEFQST17Y29tbWVudEFQSX1cbiAgICAgICAgICAgICAgICBjdXJyZW50VXNlcj17Y3VycmVudFVzZXJ9XG4gICAgICAgICAgICAgICAgaW5kZXhPZkNvbW1lbnRPblRoaXNQb3N0aW5nPXtpfVxuICAgICAgICAgICAgICAgIGFkZENvbW1lbnQ9e2FkZENvbW1lbnR9XG4gICAgICAgICAgICAgICAgc2V0Q29tbWVudEFQST17c2V0Q29tbWVudEFQSX1cbiAgICAgICAgICAgICAgLz5cbiAgICAgICAgICAgICl9XG4gICAgICAgICAgICB7cG9zdGluZ3MucmVwbHlUb0NvbW1lbnRJZCAhPT0gdW5kZWZpbmVkIHx8IChcbiAgICAgICAgICAgICAgPE1vZGFsQm94UmVwbHlcbiAgICAgICAgICAgICAgICBwb3N0aW5ncz17cG9zdGluZ3N9XG4gICAgICAgICAgICAgICAgY29tbWVudEFQST17Y29tbWVudEFQSX1cbiAgICAgICAgICAgICAgICBjdXJyZW50VXNlcj17Y3VycmVudFVzZXJ9XG4gICAgICAgICAgICAgICAgaW5kZXhPZkNvbW1lbnRPblRoaXNQb3N0aW5nPXtpfVxuICAgICAgICAgICAgICAgIGFkZENvbW1lbnQ9e2FkZENvbW1lbnR9XG4gICAgICAgICAgICAgICAgc2V0Q29tbWVudEFQST17c2V0Q29tbWVudEFQSX1cbiAgICAgICAgICAgICAgLz5cbiAgICAgICAgICAgICl9XG4gICAgICAgICAgPC9kaXY+XG4gICAgICAgIDwvdWw+XG4gICAgICApKX1cbiAgICA8Lz5cbiAgKTtcbn1cbmNvbnN0IGRpc3BsYXlGbGV4ID0gY3NzYFxuICBkaXNwbGF5OiBmbGV4O1xuYDtcblxuY29uc3Qgd29yZEJyZWFrID0gY3NzYFxuICB3b3JkLWJyZWFrOiBicmVhay1hbGw7XG4gIGRpc3BsYXk6IGZsZXg7XG5gO1xuXG5jb25zdCBmb250Qm9sZCA9IGNzc2BcbiAgZm9udC13ZWlnaHQ6IGJvbGQ7XG5gO1xuXG4vLyBDb21tZW50LnByb3BUeXBlcyA9IHtcbi8vICAgY3VycmVudFVzZXI6IFByb3BUeXBlcy5zdHJpbmcsXG4vLyAgIHBvc3Rpbmc6IFByb3BUeXBlcy5leGFjdCh7XG4vLyAgICAgaWQ6IFByb3BUeXBlcy5udW1iZXIsXG4vLyAgICAgdGl0bGU6IFByb3BUeXBlcy5zdHJpbmcsXG4vLyAgICAgaW1hZ2VVcmw6IFByb3BUeXBlcy5zdHJpbmcsXG4vLyAgICAgdXNlck5hbWU6IFByb3BUeXBlcy5zdHJpbmcsXG4vLyAgICAgbGlrZTogUHJvcFR5cGVzLmFycmF5T2YoUHJvcFR5cGVzLnN0cmluZylcbi8vICAgfSksXG4vLyAgIGNvbW1lbnRzOiBQcm9wVHlwZXMuYXJyYXlPZihQcm9wVHlwZXMub2JqZWN0KSxcbi8vICAgY29tbWVudEFQSTogUHJvcFR5cGVzLm9uZU9mVHlwZShbUHJvcFR5cGVzLmFycmF5XSksXG4vLyAgIHNldENvbW1lbnRBUEk6IFByb3BUeXBlcy5lbGVtZW50VHlwZSxcbi8vICAgYWRkQ29tbWVudDogUHJvcFR5cGVzLmZ1bmNcbi8vIH07XG5cbi8vIENvbW1lbnQuZGVmYXVsdFByb3BzID0ge1xuLy8gICBjdXJyZW50VXNlcjogXCJcIixcbi8vICAgcG9zdGluZzogW10sXG4vLyAgIGNvbW1lbnRzOiB7fVxuLy8gfTtcblxuZXhwb3J0IGRlZmF1bHQgQ29tbWVudDtcbiJdfQ== */",
            "toString": [Function],
          }
        }
      >
        <li
          className="css-x0w56o-displayFlex"
        >
          <EmotionCssPropInternal
            __EMOTION_TYPE_PLEASE_DO_NOT_USE__="div"
            css={
              Object {
                "map": "/*# sourceMappingURL=data:application/json;charset=utf-8;base64,eyJ2ZXJzaW9uIjozLCJzb3VyY2VzIjpbIkNvbW1lbnQuanMiXSwibmFtZXMiOltdLCJtYXBwaW5ncyI6IkFBeUVvQiIsImZpbGUiOiJDb21tZW50LmpzIiwic291cmNlc0NvbnRlbnQiOlsiaW1wb3J0IFJlYWN0IGZyb20gJ3JlYWN0JztcbmltcG9ydCB7IGNzcyB9IGZyb20gJ0BlbW90aW9uL2NvcmUnO1xuaW1wb3J0IE1vZGFsQm94Q29tbWVudCBmcm9tICcuL01vZGFsQm94Q29tbWVudCc7XG5pbXBvcnQgTW9kYWxCb3hSZXBseSBmcm9tICcuL01vZGFsQm94UmVwbHknO1xuXG5mdW5jdGlvbiBDb21tZW50KHtcbiAgcG9zdGluZyxcbiAgY3VycmVudFVzZXIsXG4gIGNvbW1lbnRBUEksXG4gIHNldENvbW1lbnRBUEksXG4gIGFkZENvbW1lbnRcbn0pIHtcbiAgY29tbWVudEFQSS5zb3J0KChhLCBiKSA9PiB7XG4gICAgcmV0dXJuIChcbiAgICAgIChhLnJlcGx5VG9Db21tZW50SWQgIT09IHVuZGVmaW5lZCA/IGEucmVwbHlUb0NvbW1lbnRJZCA6IGEuaWQpIC1cbiAgICAgIChiLnJlcGx5VG9Db21tZW50SWQgIT09IHVuZGVmaW5lZCA/IGIucmVwbHlUb0NvbW1lbnRJZCA6IGIuaWQpXG4gICAgKTtcbiAgfSk7XG5cbiAgcmV0dXJuIChcbiAgICA8PlxuICAgICAge2NvbW1lbnRBUEkubWFwKChwb3N0aW5ncywgaSkgPT4gKFxuICAgICAgICA8dWwga2V5PXtgY29tbWVudCR7cG9zdGluZy5pZH0ke3Bvc3RpbmdzLmlkfWB9PlxuICAgICAgICAgIDxkaXY+XG4gICAgICAgICAgICA8bGkgY3NzPXtbZGlzcGxheUZsZXhdfT5cbiAgICAgICAgICAgICAge3Bvc3RpbmdzLnJlcGx5VG9Db21tZW50SWQgJiYgKFxuICAgICAgICAgICAgICAgIDxzcGFuPiZuYnNwOyZuYnNwOyZuYnNwOyZuYnNwOyZuYnNwOzwvc3Bhbj5cbiAgICAgICAgICAgICAgKX1cbiAgICAgICAgICAgICAgPGRpdiBjc3M9e1tmb250Qm9sZF19PlxuICAgICAgICAgICAgICAgIHtwb3N0aW5ncy51c2VyTmFtZS5zdWJzdHJpbmcoMCwgcG9zdGluZy51c2VyTmFtZS5pbmRleE9mKCdAJykpfVxuICAgICAgICAgICAgICA8L2Rpdj5cbiAgICAgICAgICAgICAgPGRpdiBjc3M9e1t3b3JkQnJlYWtdfT57YDogJHtwb3N0aW5ncy50aXRsZX1gfTwvZGl2PlxuICAgICAgICAgICAgPC9saT5cbiAgICAgICAgICA8L2Rpdj5cbiAgICAgICAgICA8ZGl2PlxuICAgICAgICAgICAge3Bvc3RpbmdzLnJlcGx5VG9Db21tZW50SWQgJiYgKFxuICAgICAgICAgICAgICA8c3Bhbj4mbmJzcDsmbmJzcDsmbmJzcDsmbmJzcDsmbmJzcDsmbmJzcDs8L3NwYW4+XG4gICAgICAgICAgICApfVxuICAgICAgICAgICAge3Bvc3RpbmdzLnVzZXJOYW1lID09PSBjdXJyZW50VXNlciAmJiAoXG4gICAgICAgICAgICAgIDxNb2RhbEJveENvbW1lbnRcbiAgICAgICAgICAgICAgICBwb3N0aW5ncz17cG9zdGluZ3N9XG4gICAgICAgICAgICAgICAgY29tbWVudEFQST17Y29tbWVudEFQSX1cbiAgICAgICAgICAgICAgICBjdXJyZW50VXNlcj17Y3VycmVudFVzZXJ9XG4gICAgICAgICAgICAgICAgaW5kZXhPZkNvbW1lbnRPblRoaXNQb3N0aW5nPXtpfVxuICAgICAgICAgICAgICAgIGFkZENvbW1lbnQ9e2FkZENvbW1lbnR9XG4gICAgICAgICAgICAgICAgc2V0Q29tbWVudEFQST17c2V0Q29tbWVudEFQSX1cbiAgICAgICAgICAgICAgLz5cbiAgICAgICAgICAgICl9XG4gICAgICAgICAgICB7cG9zdGluZ3MucmVwbHlUb0NvbW1lbnRJZCAhPT0gdW5kZWZpbmVkIHx8IChcbiAgICAgICAgICAgICAgPE1vZGFsQm94UmVwbHlcbiAgICAgICAgICAgICAgICBwb3N0aW5ncz17cG9zdGluZ3N9XG4gICAgICAgICAgICAgICAgY29tbWVudEFQST17Y29tbWVudEFQSX1cbiAgICAgICAgICAgICAgICBjdXJyZW50VXNlcj17Y3VycmVudFVzZXJ9XG4gICAgICAgICAgICAgICAgaW5kZXhPZkNvbW1lbnRPblRoaXNQb3N0aW5nPXtpfVxuICAgICAgICAgICAgICAgIGFkZENvbW1lbnQ9e2FkZENvbW1lbnR9XG4gICAgICAgICAgICAgICAgc2V0Q29tbWVudEFQST17c2V0Q29tbWVudEFQSX1cbiAgICAgICAgICAgICAgLz5cbiAgICAgICAgICAgICl9XG4gICAgICAgICAgPC9kaXY+XG4gICAgICAgIDwvdWw+XG4gICAgICApKX1cbiAgICA8Lz5cbiAgKTtcbn1cbmNvbnN0IGRpc3BsYXlGbGV4ID0gY3NzYFxuICBkaXNwbGF5OiBmbGV4O1xuYDtcblxuY29uc3Qgd29yZEJyZWFrID0gY3NzYFxuICB3b3JkLWJyZWFrOiBicmVhay1hbGw7XG4gIGRpc3BsYXk6IGZsZXg7XG5gO1xuXG5jb25zdCBmb250Qm9sZCA9IGNzc2BcbiAgZm9udC13ZWlnaHQ6IGJvbGQ7XG5gO1xuXG4vLyBDb21tZW50LnByb3BUeXBlcyA9IHtcbi8vICAgY3VycmVudFVzZXI6IFByb3BUeXBlcy5zdHJpbmcsXG4vLyAgIHBvc3Rpbmc6IFByb3BUeXBlcy5leGFjdCh7XG4vLyAgICAgaWQ6IFByb3BUeXBlcy5udW1iZXIsXG4vLyAgICAgdGl0bGU6IFByb3BUeXBlcy5zdHJpbmcsXG4vLyAgICAgaW1hZ2VVcmw6IFByb3BUeXBlcy5zdHJpbmcsXG4vLyAgICAgdXNlck5hbWU6IFByb3BUeXBlcy5zdHJpbmcsXG4vLyAgICAgbGlrZTogUHJvcFR5cGVzLmFycmF5T2YoUHJvcFR5cGVzLnN0cmluZylcbi8vICAgfSksXG4vLyAgIGNvbW1lbnRzOiBQcm9wVHlwZXMuYXJyYXlPZihQcm9wVHlwZXMub2JqZWN0KSxcbi8vICAgY29tbWVudEFQSTogUHJvcFR5cGVzLm9uZU9mVHlwZShbUHJvcFR5cGVzLmFycmF5XSksXG4vLyAgIHNldENvbW1lbnRBUEk6IFByb3BUeXBlcy5lbGVtZW50VHlwZSxcbi8vICAgYWRkQ29tbWVudDogUHJvcFR5cGVzLmZ1bmNcbi8vIH07XG5cbi8vIENvbW1lbnQuZGVmYXVsdFByb3BzID0ge1xuLy8gICBjdXJyZW50VXNlcjogXCJcIixcbi8vICAgcG9zdGluZzogW10sXG4vLyAgIGNvbW1lbnRzOiB7fVxuLy8gfTtcblxuZXhwb3J0IGRlZmF1bHQgQ29tbWVudDtcbiJdfQ== */",
                "name": "1uucy8a-fontBold",
                "next": undefined,
                "styles": "font-weight:bold;;label:fontBold;;/*# sourceMappingURL=data:application/json;charset=utf-8;base64,eyJ2ZXJzaW9uIjozLCJzb3VyY2VzIjpbIkNvbW1lbnQuanMiXSwibmFtZXMiOltdLCJtYXBwaW5ncyI6IkFBNEJtQiIsImZpbGUiOiJDb21tZW50LmpzIiwic291cmNlc0NvbnRlbnQiOlsiaW1wb3J0IFJlYWN0IGZyb20gJ3JlYWN0JztcbmltcG9ydCB7IGNzcyB9IGZyb20gJ0BlbW90aW9uL2NvcmUnO1xuaW1wb3J0IE1vZGFsQm94Q29tbWVudCBmcm9tICcuL01vZGFsQm94Q29tbWVudCc7XG5pbXBvcnQgTW9kYWxCb3hSZXBseSBmcm9tICcuL01vZGFsQm94UmVwbHknO1xuXG5mdW5jdGlvbiBDb21tZW50KHtcbiAgcG9zdGluZyxcbiAgY3VycmVudFVzZXIsXG4gIGNvbW1lbnRBUEksXG4gIHNldENvbW1lbnRBUEksXG4gIGFkZENvbW1lbnRcbn0pIHtcbiAgY29tbWVudEFQSS5zb3J0KChhLCBiKSA9PiB7XG4gICAgcmV0dXJuIChcbiAgICAgIChhLnJlcGx5VG9Db21tZW50SWQgIT09IHVuZGVmaW5lZCA/IGEucmVwbHlUb0NvbW1lbnRJZCA6IGEuaWQpIC1cbiAgICAgIChiLnJlcGx5VG9Db21tZW50SWQgIT09IHVuZGVmaW5lZCA/IGIucmVwbHlUb0NvbW1lbnRJZCA6IGIuaWQpXG4gICAgKTtcbiAgfSk7XG5cbiAgcmV0dXJuIChcbiAgICA8PlxuICAgICAge2NvbW1lbnRBUEkubWFwKChwb3N0aW5ncywgaSkgPT4gKFxuICAgICAgICA8dWwga2V5PXtgY29tbWVudCR7cG9zdGluZy5pZH0ke3Bvc3RpbmdzLmlkfWB9PlxuICAgICAgICAgIDxkaXY+XG4gICAgICAgICAgICA8bGkgY3NzPXtbZGlzcGxheUZsZXhdfT5cbiAgICAgICAgICAgICAge3Bvc3RpbmdzLnJlcGx5VG9Db21tZW50SWQgJiYgKFxuICAgICAgICAgICAgICAgIDxzcGFuPiZuYnNwOyZuYnNwOyZuYnNwOyZuYnNwOyZuYnNwOzwvc3Bhbj5cbiAgICAgICAgICAgICAgKX1cbiAgICAgICAgICAgICAgPGRpdiBjc3M9e1tmb250Qm9sZF19PlxuICAgICAgICAgICAgICAgIHtwb3N0aW5ncy51c2VyTmFtZS5zdWJzdHJpbmcoMCwgcG9zdGluZy51c2VyTmFtZS5pbmRleE9mKCdAJykpfVxuICAgICAgICAgICAgICA8L2Rpdj5cbiAgICAgICAgICAgICAgPGRpdiBjc3M9e1t3b3JkQnJlYWtdfT57YDogJHtwb3N0aW5ncy50aXRsZX1gfTwvZGl2PlxuICAgICAgICAgICAgPC9saT5cbiAgICAgICAgICA8L2Rpdj5cbiAgICAgICAgICA8ZGl2PlxuICAgICAgICAgICAge3Bvc3RpbmdzLnJlcGx5VG9Db21tZW50SWQgJiYgKFxuICAgICAgICAgICAgICA8c3Bhbj4mbmJzcDsmbmJzcDsmbmJzcDsmbmJzcDsmbmJzcDsmbmJzcDs8L3NwYW4+XG4gICAgICAgICAgICApfVxuICAgICAgICAgICAge3Bvc3RpbmdzLnVzZXJOYW1lID09PSBjdXJyZW50VXNlciAmJiAoXG4gICAgICAgICAgICAgIDxNb2RhbEJveENvbW1lbnRcbiAgICAgICAgICAgICAgICBwb3N0aW5ncz17cG9zdGluZ3N9XG4gICAgICAgICAgICAgICAgY29tbWVudEFQST17Y29tbWVudEFQSX1cbiAgICAgICAgICAgICAgICBjdXJyZW50VXNlcj17Y3VycmVudFVzZXJ9XG4gICAgICAgICAgICAgICAgaW5kZXhPZkNvbW1lbnRPblRoaXNQb3N0aW5nPXtpfVxuICAgICAgICAgICAgICAgIGFkZENvbW1lbnQ9e2FkZENvbW1lbnR9XG4gICAgICAgICAgICAgICAgc2V0Q29tbWVudEFQST17c2V0Q29tbWVudEFQSX1cbiAgICAgICAgICAgICAgLz5cbiAgICAgICAgICAgICl9XG4gICAgICAgICAgICB7cG9zdGluZ3MucmVwbHlUb0NvbW1lbnRJZCAhPT0gdW5kZWZpbmVkIHx8IChcbiAgICAgICAgICAgICAgPE1vZGFsQm94UmVwbHlcbiAgICAgICAgICAgICAgICBwb3N0aW5ncz17cG9zdGluZ3N9XG4gICAgICAgICAgICAgICAgY29tbWVudEFQST17Y29tbWVudEFQSX1cbiAgICAgICAgICAgICAgICBjdXJyZW50VXNlcj17Y3VycmVudFVzZXJ9XG4gICAgICAgICAgICAgICAgaW5kZXhPZkNvbW1lbnRPblRoaXNQb3N0aW5nPXtpfVxuICAgICAgICAgICAgICAgIGFkZENvbW1lbnQ9e2FkZENvbW1lbnR9XG4gICAgICAgICAgICAgICAgc2V0Q29tbWVudEFQST17c2V0Q29tbWVudEFQSX1cbiAgICAgICAgICAgICAgLz5cbiAgICAgICAgICAgICl9XG4gICAgICAgICAgPC9kaXY+XG4gICAgICAgIDwvdWw+XG4gICAgICApKX1cbiAgICA8Lz5cbiAgKTtcbn1cbmNvbnN0IGRpc3BsYXlGbGV4ID0gY3NzYFxuICBkaXNwbGF5OiBmbGV4O1xuYDtcblxuY29uc3Qgd29yZEJyZWFrID0gY3NzYFxuICB3b3JkLWJyZWFrOiBicmVhay1hbGw7XG4gIGRpc3BsYXk6IGZsZXg7XG5gO1xuXG5jb25zdCBmb250Qm9sZCA9IGNzc2BcbiAgZm9udC13ZWlnaHQ6IGJvbGQ7XG5gO1xuXG4vLyBDb21tZW50LnByb3BUeXBlcyA9IHtcbi8vICAgY3VycmVudFVzZXI6IFByb3BUeXBlcy5zdHJpbmcsXG4vLyAgIHBvc3Rpbmc6IFByb3BUeXBlcy5leGFjdCh7XG4vLyAgICAgaWQ6IFByb3BUeXBlcy5udW1iZXIsXG4vLyAgICAgdGl0bGU6IFByb3BUeXBlcy5zdHJpbmcsXG4vLyAgICAgaW1hZ2VVcmw6IFByb3BUeXBlcy5zdHJpbmcsXG4vLyAgICAgdXNlck5hbWU6IFByb3BUeXBlcy5zdHJpbmcsXG4vLyAgICAgbGlrZTogUHJvcFR5cGVzLmFycmF5T2YoUHJvcFR5cGVzLnN0cmluZylcbi8vICAgfSksXG4vLyAgIGNvbW1lbnRzOiBQcm9wVHlwZXMuYXJyYXlPZihQcm9wVHlwZXMub2JqZWN0KSxcbi8vICAgY29tbWVudEFQSTogUHJvcFR5cGVzLm9uZU9mVHlwZShbUHJvcFR5cGVzLmFycmF5XSksXG4vLyAgIHNldENvbW1lbnRBUEk6IFByb3BUeXBlcy5lbGVtZW50VHlwZSxcbi8vICAgYWRkQ29tbWVudDogUHJvcFR5cGVzLmZ1bmNcbi8vIH07XG5cbi8vIENvbW1lbnQuZGVmYXVsdFByb3BzID0ge1xuLy8gICBjdXJyZW50VXNlcjogXCJcIixcbi8vICAgcG9zdGluZzogW10sXG4vLyAgIGNvbW1lbnRzOiB7fVxuLy8gfTtcblxuZXhwb3J0IGRlZmF1bHQgQ29tbWVudDtcbiJdfQ== */",
                "toString": [Function],
              }
            }
          >
            <div
              className="css-1uucy8a-fontBold"
            >
              gibong
            </div>
          </EmotionCssPropInternal>
          <EmotionCssPropInternal
            __EMOTION_TYPE_PLEASE_DO_NOT_USE__="div"
            css={
              Object {
                "map": "/*# sourceMappingURL=data:application/json;charset=utf-8;base64,eyJ2ZXJzaW9uIjozLCJzb3VyY2VzIjpbIkNvbW1lbnQuanMiXSwibmFtZXMiOltdLCJtYXBwaW5ncyI6IkFBb0VxQiIsImZpbGUiOiJDb21tZW50LmpzIiwic291cmNlc0NvbnRlbnQiOlsiaW1wb3J0IFJlYWN0IGZyb20gJ3JlYWN0JztcbmltcG9ydCB7IGNzcyB9IGZyb20gJ0BlbW90aW9uL2NvcmUnO1xuaW1wb3J0IE1vZGFsQm94Q29tbWVudCBmcm9tICcuL01vZGFsQm94Q29tbWVudCc7XG5pbXBvcnQgTW9kYWxCb3hSZXBseSBmcm9tICcuL01vZGFsQm94UmVwbHknO1xuXG5mdW5jdGlvbiBDb21tZW50KHtcbiAgcG9zdGluZyxcbiAgY3VycmVudFVzZXIsXG4gIGNvbW1lbnRBUEksXG4gIHNldENvbW1lbnRBUEksXG4gIGFkZENvbW1lbnRcbn0pIHtcbiAgY29tbWVudEFQSS5zb3J0KChhLCBiKSA9PiB7XG4gICAgcmV0dXJuIChcbiAgICAgIChhLnJlcGx5VG9Db21tZW50SWQgIT09IHVuZGVmaW5lZCA/IGEucmVwbHlUb0NvbW1lbnRJZCA6IGEuaWQpIC1cbiAgICAgIChiLnJlcGx5VG9Db21tZW50SWQgIT09IHVuZGVmaW5lZCA/IGIucmVwbHlUb0NvbW1lbnRJZCA6IGIuaWQpXG4gICAgKTtcbiAgfSk7XG5cbiAgcmV0dXJuIChcbiAgICA8PlxuICAgICAge2NvbW1lbnRBUEkubWFwKChwb3N0aW5ncywgaSkgPT4gKFxuICAgICAgICA8dWwga2V5PXtgY29tbWVudCR7cG9zdGluZy5pZH0ke3Bvc3RpbmdzLmlkfWB9PlxuICAgICAgICAgIDxkaXY+XG4gICAgICAgICAgICA8bGkgY3NzPXtbZGlzcGxheUZsZXhdfT5cbiAgICAgICAgICAgICAge3Bvc3RpbmdzLnJlcGx5VG9Db21tZW50SWQgJiYgKFxuICAgICAgICAgICAgICAgIDxzcGFuPiZuYnNwOyZuYnNwOyZuYnNwOyZuYnNwOyZuYnNwOzwvc3Bhbj5cbiAgICAgICAgICAgICAgKX1cbiAgICAgICAgICAgICAgPGRpdiBjc3M9e1tmb250Qm9sZF19PlxuICAgICAgICAgICAgICAgIHtwb3N0aW5ncy51c2VyTmFtZS5zdWJzdHJpbmcoMCwgcG9zdGluZy51c2VyTmFtZS5pbmRleE9mKCdAJykpfVxuICAgICAgICAgICAgICA8L2Rpdj5cbiAgICAgICAgICAgICAgPGRpdiBjc3M9e1t3b3JkQnJlYWtdfT57YDogJHtwb3N0aW5ncy50aXRsZX1gfTwvZGl2PlxuICAgICAgICAgICAgPC9saT5cbiAgICAgICAgICA8L2Rpdj5cbiAgICAgICAgICA8ZGl2PlxuICAgICAgICAgICAge3Bvc3RpbmdzLnJlcGx5VG9Db21tZW50SWQgJiYgKFxuICAgICAgICAgICAgICA8c3Bhbj4mbmJzcDsmbmJzcDsmbmJzcDsmbmJzcDsmbmJzcDsmbmJzcDs8L3NwYW4+XG4gICAgICAgICAgICApfVxuICAgICAgICAgICAge3Bvc3RpbmdzLnVzZXJOYW1lID09PSBjdXJyZW50VXNlciAmJiAoXG4gICAgICAgICAgICAgIDxNb2RhbEJveENvbW1lbnRcbiAgICAgICAgICAgICAgICBwb3N0aW5ncz17cG9zdGluZ3N9XG4gICAgICAgICAgICAgICAgY29tbWVudEFQST17Y29tbWVudEFQSX1cbiAgICAgICAgICAgICAgICBjdXJyZW50VXNlcj17Y3VycmVudFVzZXJ9XG4gICAgICAgICAgICAgICAgaW5kZXhPZkNvbW1lbnRPblRoaXNQb3N0aW5nPXtpfVxuICAgICAgICAgICAgICAgIGFkZENvbW1lbnQ9e2FkZENvbW1lbnR9XG4gICAgICAgICAgICAgICAgc2V0Q29tbWVudEFQST17c2V0Q29tbWVudEFQSX1cbiAgICAgICAgICAgICAgLz5cbiAgICAgICAgICAgICl9XG4gICAgICAgICAgICB7cG9zdGluZ3MucmVwbHlUb0NvbW1lbnRJZCAhPT0gdW5kZWZpbmVkIHx8IChcbiAgICAgICAgICAgICAgPE1vZGFsQm94UmVwbHlcbiAgICAgICAgICAgICAgICBwb3N0aW5ncz17cG9zdGluZ3N9XG4gICAgICAgICAgICAgICAgY29tbWVudEFQST17Y29tbWVudEFQSX1cbiAgICAgICAgICAgICAgICBjdXJyZW50VXNlcj17Y3VycmVudFVzZXJ9XG4gICAgICAgICAgICAgICAgaW5kZXhPZkNvbW1lbnRPblRoaXNQb3N0aW5nPXtpfVxuICAgICAgICAgICAgICAgIGFkZENvbW1lbnQ9e2FkZENvbW1lbnR9XG4gICAgICAgICAgICAgICAgc2V0Q29tbWVudEFQST17c2V0Q29tbWVudEFQSX1cbiAgICAgICAgICAgICAgLz5cbiAgICAgICAgICAgICl9XG4gICAgICAgICAgPC9kaXY+XG4gICAgICAgIDwvdWw+XG4gICAgICApKX1cbiAgICA8Lz5cbiAgKTtcbn1cbmNvbnN0IGRpc3BsYXlGbGV4ID0gY3NzYFxuICBkaXNwbGF5OiBmbGV4O1xuYDtcblxuY29uc3Qgd29yZEJyZWFrID0gY3NzYFxuICB3b3JkLWJyZWFrOiBicmVhay1hbGw7XG4gIGRpc3BsYXk6IGZsZXg7XG5gO1xuXG5jb25zdCBmb250Qm9sZCA9IGNzc2BcbiAgZm9udC13ZWlnaHQ6IGJvbGQ7XG5gO1xuXG4vLyBDb21tZW50LnByb3BUeXBlcyA9IHtcbi8vICAgY3VycmVudFVzZXI6IFByb3BUeXBlcy5zdHJpbmcsXG4vLyAgIHBvc3Rpbmc6IFByb3BUeXBlcy5leGFjdCh7XG4vLyAgICAgaWQ6IFByb3BUeXBlcy5udW1iZXIsXG4vLyAgICAgdGl0bGU6IFByb3BUeXBlcy5zdHJpbmcsXG4vLyAgICAgaW1hZ2VVcmw6IFByb3BUeXBlcy5zdHJpbmcsXG4vLyAgICAgdXNlck5hbWU6IFByb3BUeXBlcy5zdHJpbmcsXG4vLyAgICAgbGlrZTogUHJvcFR5cGVzLmFycmF5T2YoUHJvcFR5cGVzLnN0cmluZylcbi8vICAgfSksXG4vLyAgIGNvbW1lbnRzOiBQcm9wVHlwZXMuYXJyYXlPZihQcm9wVHlwZXMub2JqZWN0KSxcbi8vICAgY29tbWVudEFQSTogUHJvcFR5cGVzLm9uZU9mVHlwZShbUHJvcFR5cGVzLmFycmF5XSksXG4vLyAgIHNldENvbW1lbnRBUEk6IFByb3BUeXBlcy5lbGVtZW50VHlwZSxcbi8vICAgYWRkQ29tbWVudDogUHJvcFR5cGVzLmZ1bmNcbi8vIH07XG5cbi8vIENvbW1lbnQuZGVmYXVsdFByb3BzID0ge1xuLy8gICBjdXJyZW50VXNlcjogXCJcIixcbi8vICAgcG9zdGluZzogW10sXG4vLyAgIGNvbW1lbnRzOiB7fVxuLy8gfTtcblxuZXhwb3J0IGRlZmF1bHQgQ29tbWVudDtcbiJdfQ== */",
                "name": "iz4mie-wordBreak",
                "next": undefined,
                "styles": "word-break:break-all;display:flex;;label:wordBreak;;/*# sourceMappingURL=data:application/json;charset=utf-8;base64,eyJ2ZXJzaW9uIjozLCJzb3VyY2VzIjpbIkNvbW1lbnQuanMiXSwibmFtZXMiOltdLCJtYXBwaW5ncyI6IkFBK0JtQiIsImZpbGUiOiJDb21tZW50LmpzIiwic291cmNlc0NvbnRlbnQiOlsiaW1wb3J0IFJlYWN0IGZyb20gJ3JlYWN0JztcbmltcG9ydCB7IGNzcyB9IGZyb20gJ0BlbW90aW9uL2NvcmUnO1xuaW1wb3J0IE1vZGFsQm94Q29tbWVudCBmcm9tICcuL01vZGFsQm94Q29tbWVudCc7XG5pbXBvcnQgTW9kYWxCb3hSZXBseSBmcm9tICcuL01vZGFsQm94UmVwbHknO1xuXG5mdW5jdGlvbiBDb21tZW50KHtcbiAgcG9zdGluZyxcbiAgY3VycmVudFVzZXIsXG4gIGNvbW1lbnRBUEksXG4gIHNldENvbW1lbnRBUEksXG4gIGFkZENvbW1lbnRcbn0pIHtcbiAgY29tbWVudEFQSS5zb3J0KChhLCBiKSA9PiB7XG4gICAgcmV0dXJuIChcbiAgICAgIChhLnJlcGx5VG9Db21tZW50SWQgIT09IHVuZGVmaW5lZCA/IGEucmVwbHlUb0NvbW1lbnRJZCA6IGEuaWQpIC1cbiAgICAgIChiLnJlcGx5VG9Db21tZW50SWQgIT09IHVuZGVmaW5lZCA/IGIucmVwbHlUb0NvbW1lbnRJZCA6IGIuaWQpXG4gICAgKTtcbiAgfSk7XG5cbiAgcmV0dXJuIChcbiAgICA8PlxuICAgICAge2NvbW1lbnRBUEkubWFwKChwb3N0aW5ncywgaSkgPT4gKFxuICAgICAgICA8dWwga2V5PXtgY29tbWVudCR7cG9zdGluZy5pZH0ke3Bvc3RpbmdzLmlkfWB9PlxuICAgICAgICAgIDxkaXY+XG4gICAgICAgICAgICA8bGkgY3NzPXtbZGlzcGxheUZsZXhdfT5cbiAgICAgICAgICAgICAge3Bvc3RpbmdzLnJlcGx5VG9Db21tZW50SWQgJiYgKFxuICAgICAgICAgICAgICAgIDxzcGFuPiZuYnNwOyZuYnNwOyZuYnNwOyZuYnNwOyZuYnNwOzwvc3Bhbj5cbiAgICAgICAgICAgICAgKX1cbiAgICAgICAgICAgICAgPGRpdiBjc3M9e1tmb250Qm9sZF19PlxuICAgICAgICAgICAgICAgIHtwb3N0aW5ncy51c2VyTmFtZS5zdWJzdHJpbmcoMCwgcG9zdGluZy51c2VyTmFtZS5pbmRleE9mKCdAJykpfVxuICAgICAgICAgICAgICA8L2Rpdj5cbiAgICAgICAgICAgICAgPGRpdiBjc3M9e1t3b3JkQnJlYWtdfT57YDogJHtwb3N0aW5ncy50aXRsZX1gfTwvZGl2PlxuICAgICAgICAgICAgPC9saT5cbiAgICAgICAgICA8L2Rpdj5cbiAgICAgICAgICA8ZGl2PlxuICAgICAgICAgICAge3Bvc3RpbmdzLnJlcGx5VG9Db21tZW50SWQgJiYgKFxuICAgICAgICAgICAgICA8c3Bhbj4mbmJzcDsmbmJzcDsmbmJzcDsmbmJzcDsmbmJzcDsmbmJzcDs8L3NwYW4+XG4gICAgICAgICAgICApfVxuICAgICAgICAgICAge3Bvc3RpbmdzLnVzZXJOYW1lID09PSBjdXJyZW50VXNlciAmJiAoXG4gICAgICAgICAgICAgIDxNb2RhbEJveENvbW1lbnRcbiAgICAgICAgICAgICAgICBwb3N0aW5ncz17cG9zdGluZ3N9XG4gICAgICAgICAgICAgICAgY29tbWVudEFQST17Y29tbWVudEFQSX1cbiAgICAgICAgICAgICAgICBjdXJyZW50VXNlcj17Y3VycmVudFVzZXJ9XG4gICAgICAgICAgICAgICAgaW5kZXhPZkNvbW1lbnRPblRoaXNQb3N0aW5nPXtpfVxuICAgICAgICAgICAgICAgIGFkZENvbW1lbnQ9e2FkZENvbW1lbnR9XG4gICAgICAgICAgICAgICAgc2V0Q29tbWVudEFQST17c2V0Q29tbWVudEFQSX1cbiAgICAgICAgICAgICAgLz5cbiAgICAgICAgICAgICl9XG4gICAgICAgICAgICB7cG9zdGluZ3MucmVwbHlUb0NvbW1lbnRJZCAhPT0gdW5kZWZpbmVkIHx8IChcbiAgICAgICAgICAgICAgPE1vZGFsQm94UmVwbHlcbiAgICAgICAgICAgICAgICBwb3N0aW5ncz17cG9zdGluZ3N9XG4gICAgICAgICAgICAgICAgY29tbWVudEFQST17Y29tbWVudEFQSX1cbiAgICAgICAgICAgICAgICBjdXJyZW50VXNlcj17Y3VycmVudFVzZXJ9XG4gICAgICAgICAgICAgICAgaW5kZXhPZkNvbW1lbnRPblRoaXNQb3N0aW5nPXtpfVxuICAgICAgICAgICAgICAgIGFkZENvbW1lbnQ9e2FkZENvbW1lbnR9XG4gICAgICAgICAgICAgICAgc2V0Q29tbWVudEFQST17c2V0Q29tbWVudEFQSX1cbiAgICAgICAgICAgICAgLz5cbiAgICAgICAgICAgICl9XG4gICAgICAgICAgPC9kaXY+XG4gICAgICAgIDwvdWw+XG4gICAgICApKX1cbiAgICA8Lz5cbiAgKTtcbn1cbmNvbnN0IGRpc3BsYXlGbGV4ID0gY3NzYFxuICBkaXNwbGF5OiBmbGV4O1xuYDtcblxuY29uc3Qgd29yZEJyZWFrID0gY3NzYFxuICB3b3JkLWJyZWFrOiBicmVhay1hbGw7XG4gIGRpc3BsYXk6IGZsZXg7XG5gO1xuXG5jb25zdCBmb250Qm9sZCA9IGNzc2BcbiAgZm9udC13ZWlnaHQ6IGJvbGQ7XG5gO1xuXG4vLyBDb21tZW50LnByb3BUeXBlcyA9IHtcbi8vICAgY3VycmVudFVzZXI6IFByb3BUeXBlcy5zdHJpbmcsXG4vLyAgIHBvc3Rpbmc6IFByb3BUeXBlcy5leGFjdCh7XG4vLyAgICAgaWQ6IFByb3BUeXBlcy5udW1iZXIsXG4vLyAgICAgdGl0bGU6IFByb3BUeXBlcy5zdHJpbmcsXG4vLyAgICAgaW1hZ2VVcmw6IFByb3BUeXBlcy5zdHJpbmcsXG4vLyAgICAgdXNlck5hbWU6IFByb3BUeXBlcy5zdHJpbmcsXG4vLyAgICAgbGlrZTogUHJvcFR5cGVzLmFycmF5T2YoUHJvcFR5cGVzLnN0cmluZylcbi8vICAgfSksXG4vLyAgIGNvbW1lbnRzOiBQcm9wVHlwZXMuYXJyYXlPZihQcm9wVHlwZXMub2JqZWN0KSxcbi8vICAgY29tbWVudEFQSTogUHJvcFR5cGVzLm9uZU9mVHlwZShbUHJvcFR5cGVzLmFycmF5XSksXG4vLyAgIHNldENvbW1lbnRBUEk6IFByb3BUeXBlcy5lbGVtZW50VHlwZSxcbi8vICAgYWRkQ29tbWVudDogUHJvcFR5cGVzLmZ1bmNcbi8vIH07XG5cbi8vIENvbW1lbnQuZGVmYXVsdFByb3BzID0ge1xuLy8gICBjdXJyZW50VXNlcjogXCJcIixcbi8vICAgcG9zdGluZzogW10sXG4vLyAgIGNvbW1lbnRzOiB7fVxuLy8gfTtcblxuZXhwb3J0IGRlZmF1bHQgQ29tbWVudDtcbiJdfQ== */",
                "toString": [Function],
              }
            }
          >
            <div
              className="css-iz4mie-wordBreak"
            >
              : title1
            </div>
          </EmotionCssPropInternal>
        </li>
      </EmotionCssPropInternal>
    </div>
    <div>
      <ModalBoxComment
        commentAPI={
          Array [
            Object {
              "_id": "5e90119435a2d94f9e08e35a",
              "id": 1,
              "like": Array [
                "noone@gmail.com",
              ],
              "postLId": 1,
              "replyToCommentId": null,
              "title": "title1",
              "userName": "gibong@gmail.com",
            },
          ]
        }
        currentUser="gibong@gmail.com"
        indexOfCommentOnThisPosting={0}
        postings={
          Object {
            "_id": "5e90119435a2d94f9e08e35a",
            "id": 1,
            "like": Array [
              "noone@gmail.com",
            ],
            "postLId": 1,
            "replyToCommentId": null,
            "title": "title1",
            "userName": "gibong@gmail.com",
          }
        }
      >
        <ThreeRoundButtonSvg
          setIsOpen={[Function]}
        >
          <svg
            aria-label="옵션 더 보기"
            className="_8-yf5 "
            fill="#262626"
            height="16"
            onClick={[Function]}
            style={
              Object {
                "marginRight": "8px",
              }
            }
            viewBox="0 0 48 48"
            width="16"
          >
            <circle
              clipRule="evenodd"
              cx="8"
              cy="24"
              fillRule="evenodd"
              r="4.5"
            />
            <circle
              clipRule="evenodd"
              cx="24"
              cy="24"
              fillRule="evenodd"
              r="4.5"
            />
            <circle
              clipRule="evenodd"
              cx="40"
              cy="24"
              fillRule="evenodd"
              r="4.5"
            />
          </svg>
        </ThreeRoundButtonSvg>
        <EmotionCssPropInternal
          __EMOTION_LABEL_PLEASE_DO_NOT_USE__="ModalBoxComment"
          __EMOTION_TYPE_PLEASE_DO_NOT_USE__={[Function]}
          css={
            Object {
              "map": "/*# sourceMappingURL=data:application/json;charset=utf-8;base64,eyJ2ZXJzaW9uIjozLCJzb3VyY2VzIjpbIk1vZGFsQm94Q29tbWVudC5qcyJdLCJuYW1lcyI6W10sIm1hcHBpbmdzIjoiQUE4Q29CIiwiZmlsZSI6Ik1vZGFsQm94Q29tbWVudC5qcyIsInNvdXJjZXNDb250ZW50IjpbImltcG9ydCBNb2RhbCBmcm9tICdyZWFjdC1tb2RhbCc7XG5pbXBvcnQgUmVhY3QgZnJvbSAncmVhY3QnO1xuaW1wb3J0IHsgY3NzIH0gZnJvbSAnQGVtb3Rpb24vY29yZSc7XG5cbmltcG9ydCBUaHJlZVJvdW5kQnV0dG9uU3ZnIGZyb20gJy4uL3N2Z0ljb25zL1RocmVlUm91bmRCdXR0b25TdmcnO1xuaW1wb3J0IEVkaXRDb21tZW50IGZyb20gJy4vRWRpdENvbW1lbnQnO1xuaW1wb3J0IFJlbW92ZUNvbW1lbnQgZnJvbSAnLi9SZW1vdmVDb21tZW50JztcblxuZnVuY3Rpb24gTW9kYWxCb3hDb21tZW50KHtcbiAgY29tbWVudEFQSSxcbiAgaW5kZXhPZkNvbW1lbnRPblRoaXNQb3N0aW5nLFxuICBjdXJyZW50VXNlcixcbiAgc2V0Q29tbWVudEFQSVxufSkge1xuICBjb25zdCBbbW9kYWxJc09wZW4sIHNldElzT3Blbl0gPSBSZWFjdC51c2VTdGF0ZShmYWxzZSk7XG5cbiAgZnVuY3Rpb24gY2xvc2VNb2RhbCgpIHtcbiAgICBzZXRJc09wZW4oZmFsc2UpO1xuICB9XG5cbiAgcmV0dXJuIChcbiAgICA8PlxuICAgICAgPFRocmVlUm91bmRCdXR0b25Tdmcgc2V0SXNPcGVuPXtzZXRJc09wZW59IC8+XG4gICAgICA8TW9kYWwgaXNPcGVuPXttb2RhbElzT3Blbn0gb25SZXF1ZXN0Q2xvc2U9e2Nsb3NlTW9kYWx9IGNzcz17bW9kYWxDc3N9PlxuICAgICAgICA8YnV0dG9uIG9uQ2xpY2s9e2Nsb3NlTW9kYWx9IGNzcz17W21hcmdpbkxlZnQwXX0+XG4gICAgICAgICAgY2xvc2VcbiAgICAgICAgPC9idXR0b24+XG4gICAgICAgIDxkaXY+XG4gICAgICAgICAgPEVkaXRDb21tZW50XG4gICAgICAgICAgICBwb3N0aW5nPXtjb21tZW50QVBJfVxuICAgICAgICAgICAgaW5kZXhPZkNvbW1lbnRPblRoaXNQb3N0aW5nPXtpbmRleE9mQ29tbWVudE9uVGhpc1Bvc3Rpbmd9XG4gICAgICAgICAgICBjdXJyZW50VXNlcj17Y3VycmVudFVzZXJ9XG4gICAgICAgICAgICBzZXRDb21tZW50QVBJPXtzZXRDb21tZW50QVBJfVxuICAgICAgICAgIC8+XG4gICAgICAgICAgPFJlbW92ZUNvbW1lbnRcbiAgICAgICAgICAgIHBvc3Rpbmc9e2NvbW1lbnRBUEl9XG4gICAgICAgICAgICBjdXJyZW50VXNlcj17Y3VycmVudFVzZXJ9XG4gICAgICAgICAgICBpbmRleE9mQ29tbWVudE9uVGhpc1Bvc3Rpbmc9e2luZGV4T2ZDb21tZW50T25UaGlzUG9zdGluZ31cbiAgICAgICAgICAgIHNldENvbW1lbnRBUEk9e3NldENvbW1lbnRBUEl9XG4gICAgICAgICAgLz5cbiAgICAgICAgPC9kaXY+XG4gICAgICA8L01vZGFsPlxuICAgIDwvPlxuICApO1xufVxuXG5jb25zdCBtb2RhbENzcyA9IGNzc2BcbiAgcG9zaXRpb246IGFic29sdXRlO1xuICB0b3A6IDUwJTtcbiAgbGVmdDogNTAlO1xuICByaWdodDogYXV0bztcbiAgYm90dG9tOiBhdXRvO1xuICBib3JkZXI6IDFweCBzb2xpZCByZ2IoMjA0LCAyMDQsIDIwNCk7XG4gIGJhY2tncm91bmQ6IHJnYigyNTUsIDI1NSwgMjU1KTtcbiAgb3ZlcmZsb3c6IGF1dG87XG4gIGJvcmRlci1yYWRpdXM6IDEycHg7XG4gIG91dGxpbmU6IG5vbmU7XG4gIG1hcmdpbi1yaWdodDogLTUwJTtcbiAgdHJhbnNmb3JtOiB0cmFuc2xhdGUoLTUwJSwgLTUwJSk7XG4gIGRpc3BsYXk6IGZsZXg7XG4gIGZsZXgtZGlyZWN0aW9uOiBjb2x1bW4tcmV2ZXJzZTtcbmA7XG5cbmNvbnN0IG1hcmdpbkxlZnQwID0gY3NzYFxuICBtYXJnaW4tbGVmdDogMHB4O1xuYDtcblxuZXhwb3J0IGRlZmF1bHQgTW9kYWxCb3hDb21tZW50O1xuIl19 */",
              "name": "102pzl3-modalCss",
              "styles": "position:absolute;top:50%;left:50%;right:auto;bottom:auto;border:1px solid rgb(204,204,204);background:rgb(255,255,255);overflow:auto;border-radius:12px;outline:none;margin-right:-50%;transform:translate(-50%,-50%);display:flex;flex-direction:column-reverse;;label:modalCss;",
              "toString": [Function],
            }
          }
          isOpen={false}
          onRequestClose={[Function]}
        >
          <Modal
            ariaHideApp={true}
            bodyOpenClassName="ReactModal__Body--open"
            className="css-102pzl3-modalCss"
            closeTimeoutMS={0}
            isOpen={false}
            onRequestClose={[Function]}
            parentSelector={[Function]}
            portalClassName="ReactModalPortal"
            role="dialog"
            shouldCloseOnEsc={true}
            shouldCloseOnOverlayClick={true}
            shouldFocusAfterRender={true}
            shouldReturnFocusAfterClose={true}
          >
            <Portal
              containerInfo={
                <div
                  class="ReactModalPortal"
                />
              }
            >
              <ModalPortal
                ariaHideApp={true}
                bodyOpenClassName="ReactModal__Body--open"
                className="css-102pzl3-modalCss"
                closeTimeoutMS={0}
                defaultStyles={
                  Object {
                    "content": Object {
                      "WebkitOverflowScrolling": "touch",
                      "background": "#fff",
                      "border": "1px solid #ccc",
                      "borderRadius": "4px",
                      "bottom": "40px",
                      "left": "40px",
                      "outline": "none",
                      "overflow": "auto",
                      "padding": "20px",
                      "position": "absolute",
                      "right": "40px",
                      "top": "40px",
                    },
                    "overlay": Object {
                      "backgroundColor": "rgba(255, 255, 255, 0.75)",
                      "bottom": 0,
                      "left": 0,
                      "position": "fixed",
                      "right": 0,
                      "top": 0,
                    },
                  }
                }
                isOpen={false}
                onRequestClose={[Function]}
                parentSelector={[Function]}
                portalClassName="ReactModalPortal"
                role="dialog"
                shouldCloseOnEsc={true}
                shouldCloseOnOverlayClick={true}
                shouldFocusAfterRender={true}
                shouldReturnFocusAfterClose={true}
                style={
                  Object {
                    "content": Object {},
                    "overlay": Object {},
                  }
                }
              />
            </Portal>
          </Modal>
        </EmotionCssPropInternal>
      </ModalBoxComment>
    </div>
  </ul>
</Comment>
`;
