// Jest Snapshot v1, https://goo.gl/fbAQLP

exports[`<PostingList /> 스냅샷 비교 1`] = `
<Router
  history={
    Object {
      "action": "POP",
      "block": [Function],
      "createHref": [Function],
      "go": [Function],
      "goBack": [Function],
      "goForward": [Function],
      "length": 1,
      "listen": [Function],
      "location": Object {
        "hash": "",
        "pathname": "/",
        "search": "",
        "state": undefined,
      },
      "push": [Function],
      "replace": [Function],
    }
  }
>
  <PostingList
    commentAPI={
      Array [
        Object {
          "_id": "5e90119435a2d94f9e08e35a",
          "id": 1,
          "like": Array [
            "noone@gmail.com",
          ],
          "postLId": 1,
          "replyToCommentId": null,
          "title": "title1",
          "userName": "gibong@gmail.com",
        },
      ]
    }
    currentUser="gibong@gmail.com"
    posting={
      Array [
        Object {
          "_id": "5e8ec52d9bb4913b5a844423",
          "id": 1,
          "imageUrl": "http://localhost:3000/static/images/1.jpg",
          "like": Array [
            "gibong@gmail.com",
          ],
          "tag": Array [
            "landscape",
          ],
          "title": "posting with id 1",
          "userName": "gibong@gmail.com",
        },
      ]
    }
    sizeOfPicture={
      Object {
        "height": "10px",
        "width": "10px",
      }
    }
    userOfActivePage="gibong@gmail.com"
  />
</Router>
`;
