// Jest Snapshot v1, https://goo.gl/fbAQLP

exports[`<Profile /> 스냅샷 비교 1`] = `
<Profile
  id="id"
  name="kim"
>
  <div>
    <b>
      id
    </b>
     
    <span>
      kim
    </span>
  </div>
</Profile>
`;
