// Jest Snapshot v1, https://goo.gl/fbAQLP

exports[`<Register /> renders <form> 1`] = `
<BrowserRouter>
  <Router
    history={
      Object {
        "action": "POP",
        "block": [Function],
        "createHref": [Function],
        "go": [Function],
        "goBack": [Function],
        "goForward": [Function],
        "length": 1,
        "listen": [Function],
        "location": Object {
          "hash": "",
          "pathname": "/",
          "search": "",
          "state": undefined,
        },
        "push": [Function],
        "replace": [Function],
      }
    }
  >
    <Register>
      <EmotionCssPropInternal
        __EMOTION_LABEL_PLEASE_DO_NOT_USE__="Register"
        __EMOTION_TYPE_PLEASE_DO_NOT_USE__="form"
        css={
          Object {
            "map": "/*# sourceMappingURL=data:application/json;charset=utf-8;base64,eyJ2ZXJzaW9uIjozLCJzb3VyY2VzIjpbIlJlZ2lzdGVyLmpzIl0sIm5hbWVzIjpbXSwibWFwcGluZ3MiOiJBQW9EZSIsImZpbGUiOiJSZWdpc3Rlci5qcyIsInNvdXJjZXNDb250ZW50IjpbImltcG9ydCBSZWFjdCBmcm9tICdyZWFjdCc7XG5pbXBvcnQgU3dhbCBmcm9tICdzd2VldGFsZXJ0Mic7XG5cbmltcG9ydCB7IHVzZUZvcm0gfSBmcm9tICdyZWFjdC1ob29rLWZvcm0nO1xuaW1wb3J0IHsgcmVnaXN0ZXJBUEkgfSBmcm9tICcuLi9hcGlzL3Bvc3QnO1xuaW1wb3J0IHsgY3NzIH0gZnJvbSAnQGVtb3Rpb24vY29yZSc7XG5cbmNvbnN0IFJlZ2lzdGVyID0gKCkgPT4ge1xuICBjb25zdCB7IHJlZ2lzdGVyLCBoYW5kbGVTdWJtaXQgfSA9IHVzZUZvcm0oKTtcblxuICBjb25zdCByZWdpc3RyYXRpb24gPSBhc3luYyBkYXRhID0+IHtcbiAgICB0cnkge1xuICAgICAgY29uc3QgcmVzcG9uc2UgPSBhd2FpdCByZWdpc3RlckFQSShkYXRhLklkLCBkYXRhLlBhc3N3b3JkKTtcbiAgICAgIGlmIChyZXNwb25zZSkge1xuICAgICAgICBTd2FsLmZpcmUoe1xuICAgICAgICAgIGljb246ICdzdWNjZXNzJyxcbiAgICAgICAgICB0aXRsZTogJ1JlZ2lzdGVyZWQnLFxuICAgICAgICAgIHRleHQ6IGBXZWxjb21lICR7ZGF0YS5JZH0gdG8gQm9uZ3N0YWdyYW0gUGxlYXNlIGxvZ2luIWBcbiAgICAgICAgfSk7XG4gICAgICB9XG4gICAgfSBjYXRjaCAoZSkge1xuICAgICAgU3dhbC5maXJlKHtcbiAgICAgICAgaWNvbjogJ2Vycm9yJyxcbiAgICAgICAgdGl0bGU6ICdPb3BzLi4uJyxcbiAgICAgICAgdGV4dDogJ0NoZWNrIElucHV0J1xuICAgICAgfSk7XG4gICAgfVxuICB9O1xuXG4gIHJldHVybiAoXG4gICAgPGZvcm0gb25TdWJtaXQ9e2hhbmRsZVN1Ym1pdChyZWdpc3RyYXRpb24pfSBjc3M9e1tib3hdfT5cbiAgICAgIHsvKiA8c3Bhbj5bUmVnaXN0ZXJdPC9zcGFuPiAqL31cbiAgICAgIDxpbnB1dFxuICAgICAgICBuYW1lPVwiSWRcIlxuICAgICAgICBkZWZhdWx0VmFsdWU9XCJcIlxuICAgICAgICByZWY9e3JlZ2lzdGVyfVxuICAgICAgICBwbGFjZWhvbGRlcj1cIuqwgOyehSDsm5DtlZjripQg7JWE7J2065SUXCJcbiAgICAgICAgY3NzPXtbaW5wdXRCdXR0b25Dc3NdfVxuICAgICAgLz5cbiAgICAgIHsvKiA8bGFiZWw+cGFzc3dvcmQ6PC9sYWJlbD4gKi99XG4gICAgICA8aW5wdXRcbiAgICAgICAgbmFtZT1cIlBhc3N3b3JkXCJcbiAgICAgICAgZGVmYXVsdFZhbHVlPVwiXCJcbiAgICAgICAgcmVmPXtyZWdpc3Rlcih7IHJlcXVpcmVkOiB0cnVlLCBtYXhMZW5ndGg6IDEwIH0pfVxuICAgICAgICBwbGFjZWhvbGRlcj1cIuu5hOuwgOuyiO2YuFwiXG4gICAgICAgIGNzcz17W2lucHV0QnV0dG9uQ3NzXX1cbiAgICAgIC8+XG4gICAgICA8aW5wdXQgdHlwZT1cInN1Ym1pdFwiIGNzcz17W3N1Ym1pdEJ1dHRvbkNzc119IHZhbHVlPVwi6rCA7J6F7ZWY6riwXCIgLz5cbiAgICA8L2Zvcm0+XG4gICk7XG59O1xuXG5jb25zdCBib3ggPSBjc3NgXG4gIGRpc3BsYXk6IC13ZWJraXQtYm94O1xuICBkaXNwbGF5OiBmbGV4O1xuICBqdXN0aWZ5LWNvbnRlbnQ6IGNlbnRlcjtcbiAgZmxleC13cmFwOiB3cmFwO1xuICBmbGV4LWRpcmVjdGlvbjogY29sdW1uO1xuICBkaXNwbGF5OiBpbmxpbmUtZmxleDtcbmA7XG5cbmNvbnN0IGlucHV0QnV0dG9uQ3NzID0gY3NzYFxuICBiYWNrZ3JvdW5kOiAjZmFmYWZhO1xuICBib3JkZXI6IDFweCBzb2xpZCAjZGJkYmRiO1xuICBwYWRkaW5nOiA3cHggNjBweDtcbiAgbWFyZ2luLWJvdHRvbTogNXB4O1xuICBtYXJnaW4tbGVmdDogLTEwcHg7XG4gIG1hcmdpbi1yaWdodDogLTEwcHg7XG5gO1xuXG5jb25zdCBzdWJtaXRCdXR0b25Dc3MgPSBjc3NgXG4gIGJvcmRlci1yYWRpdXM6IDRweDtcbiAgYmFja2dyb3VuZC1jb2xvcjogY29ybmZsb3dlcmJsdWU7XG4gIGNvbG9yOiB3aGl0ZTtcbiAgYm9yZGVyOiAxcHggc29saWQgI2RiZGJkYjtcbiAgcGFkZGluZzogNHB4IDBweDtcbiAgbWFyZ2luLWJvdHRvbTogNXB4O1xuICBtYXJnaW4tbGVmdDogLTEwcHg7XG4gIG1hcmdpbi1yaWdodDogLTEwcHg7XG4gIG1hcmdpbi10b3A6IDZweDtcbmA7XG5cbmV4cG9ydCBkZWZhdWx0IFJlZ2lzdGVyO1xuIl19 */",
            "name": "1nwnvb7-box-Register",
            "next": undefined,
            "styles": "display:-webkit-box;display:flex;justify-content:center;flex-wrap:wrap;flex-direction:column;display:inline-flex;;label:box;;;label:Register;/*# sourceMappingURL=data:application/json;charset=utf-8;base64,eyJ2ZXJzaW9uIjozLCJzb3VyY2VzIjpbIlJlZ2lzdGVyLmpzIl0sIm5hbWVzIjpbXSwibWFwcGluZ3MiOiJBQThCZ0QiLCJmaWxlIjoiUmVnaXN0ZXIuanMiLCJzb3VyY2VzQ29udGVudCI6WyJpbXBvcnQgUmVhY3QgZnJvbSAncmVhY3QnO1xuaW1wb3J0IFN3YWwgZnJvbSAnc3dlZXRhbGVydDInO1xuXG5pbXBvcnQgeyB1c2VGb3JtIH0gZnJvbSAncmVhY3QtaG9vay1mb3JtJztcbmltcG9ydCB7IHJlZ2lzdGVyQVBJIH0gZnJvbSAnLi4vYXBpcy9wb3N0JztcbmltcG9ydCB7IGNzcyB9IGZyb20gJ0BlbW90aW9uL2NvcmUnO1xuXG5jb25zdCBSZWdpc3RlciA9ICgpID0+IHtcbiAgY29uc3QgeyByZWdpc3RlciwgaGFuZGxlU3VibWl0IH0gPSB1c2VGb3JtKCk7XG5cbiAgY29uc3QgcmVnaXN0cmF0aW9uID0gYXN5bmMgZGF0YSA9PiB7XG4gICAgdHJ5IHtcbiAgICAgIGNvbnN0IHJlc3BvbnNlID0gYXdhaXQgcmVnaXN0ZXJBUEkoZGF0YS5JZCwgZGF0YS5QYXNzd29yZCk7XG4gICAgICBpZiAocmVzcG9uc2UpIHtcbiAgICAgICAgU3dhbC5maXJlKHtcbiAgICAgICAgICBpY29uOiAnc3VjY2VzcycsXG4gICAgICAgICAgdGl0bGU6ICdSZWdpc3RlcmVkJyxcbiAgICAgICAgICB0ZXh0OiBgV2VsY29tZSAke2RhdGEuSWR9IHRvIEJvbmdzdGFncmFtIFBsZWFzZSBsb2dpbiFgXG4gICAgICAgIH0pO1xuICAgICAgfVxuICAgIH0gY2F0Y2ggKGUpIHtcbiAgICAgIFN3YWwuZmlyZSh7XG4gICAgICAgIGljb246ICdlcnJvcicsXG4gICAgICAgIHRpdGxlOiAnT29wcy4uLicsXG4gICAgICAgIHRleHQ6ICdDaGVjayBJbnB1dCdcbiAgICAgIH0pO1xuICAgIH1cbiAgfTtcblxuICByZXR1cm4gKFxuICAgIDxmb3JtIG9uU3VibWl0PXtoYW5kbGVTdWJtaXQocmVnaXN0cmF0aW9uKX0gY3NzPXtbYm94XX0+XG4gICAgICB7LyogPHNwYW4+W1JlZ2lzdGVyXTwvc3Bhbj4gKi99XG4gICAgICA8aW5wdXRcbiAgICAgICAgbmFtZT1cIklkXCJcbiAgICAgICAgZGVmYXVsdFZhbHVlPVwiXCJcbiAgICAgICAgcmVmPXtyZWdpc3Rlcn1cbiAgICAgICAgcGxhY2Vob2xkZXI9XCLqsIDsnoUg7JuQ7ZWY64qUIOyVhOydtOuUlFwiXG4gICAgICAgIGNzcz17W2lucHV0QnV0dG9uQ3NzXX1cbiAgICAgIC8+XG4gICAgICB7LyogPGxhYmVsPnBhc3N3b3JkOjwvbGFiZWw+ICovfVxuICAgICAgPGlucHV0XG4gICAgICAgIG5hbWU9XCJQYXNzd29yZFwiXG4gICAgICAgIGRlZmF1bHRWYWx1ZT1cIlwiXG4gICAgICAgIHJlZj17cmVnaXN0ZXIoeyByZXF1aXJlZDogdHJ1ZSwgbWF4TGVuZ3RoOiAxMCB9KX1cbiAgICAgICAgcGxhY2Vob2xkZXI9XCLruYTrsIDrsojtmLhcIlxuICAgICAgICBjc3M9e1tpbnB1dEJ1dHRvbkNzc119XG4gICAgICAvPlxuICAgICAgPGlucHV0IHR5cGU9XCJzdWJtaXRcIiBjc3M9e1tzdWJtaXRCdXR0b25Dc3NdfSB2YWx1ZT1cIuqwgOyehe2VmOq4sFwiIC8+XG4gICAgPC9mb3JtPlxuICApO1xufTtcblxuY29uc3QgYm94ID0gY3NzYFxuICBkaXNwbGF5OiAtd2Via2l0LWJveDtcbiAgZGlzcGxheTogZmxleDtcbiAganVzdGlmeS1jb250ZW50OiBjZW50ZXI7XG4gIGZsZXgtd3JhcDogd3JhcDtcbiAgZmxleC1kaXJlY3Rpb246IGNvbHVtbjtcbiAgZGlzcGxheTogaW5saW5lLWZsZXg7XG5gO1xuXG5jb25zdCBpbnB1dEJ1dHRvbkNzcyA9IGNzc2BcbiAgYmFja2dyb3VuZDogI2ZhZmFmYTtcbiAgYm9yZGVyOiAxcHggc29saWQgI2RiZGJkYjtcbiAgcGFkZGluZzogN3B4IDYwcHg7XG4gIG1hcmdpbi1ib3R0b206IDVweDtcbiAgbWFyZ2luLWxlZnQ6IC0xMHB4O1xuICBtYXJnaW4tcmlnaHQ6IC0xMHB4O1xuYDtcblxuY29uc3Qgc3VibWl0QnV0dG9uQ3NzID0gY3NzYFxuICBib3JkZXItcmFkaXVzOiA0cHg7XG4gIGJhY2tncm91bmQtY29sb3I6IGNvcm5mbG93ZXJibHVlO1xuICBjb2xvcjogd2hpdGU7XG4gIGJvcmRlcjogMXB4IHNvbGlkICNkYmRiZGI7XG4gIHBhZGRpbmc6IDRweCAwcHg7XG4gIG1hcmdpbi1ib3R0b206IDVweDtcbiAgbWFyZ2luLWxlZnQ6IC0xMHB4O1xuICBtYXJnaW4tcmlnaHQ6IC0xMHB4O1xuICBtYXJnaW4tdG9wOiA2cHg7XG5gO1xuXG5leHBvcnQgZGVmYXVsdCBSZWdpc3RlcjtcbiJdfQ== */",
            "toString": [Function],
          }
        }
        onSubmit={[Function]}
      >
        <form
          className="css-1nwnvb7-box-Register"
          onSubmit={[Function]}
        >
          <EmotionCssPropInternal
            __EMOTION_LABEL_PLEASE_DO_NOT_USE__="Register"
            __EMOTION_TYPE_PLEASE_DO_NOT_USE__="input"
            css={
              Object {
                "map": "/*# sourceMappingURL=data:application/json;charset=utf-8;base64,eyJ2ZXJzaW9uIjozLCJzb3VyY2VzIjpbIlJlZ2lzdGVyLmpzIl0sIm5hbWVzIjpbXSwibWFwcGluZ3MiOiJBQTZEMEIiLCJmaWxlIjoiUmVnaXN0ZXIuanMiLCJzb3VyY2VzQ29udGVudCI6WyJpbXBvcnQgUmVhY3QgZnJvbSAncmVhY3QnO1xuaW1wb3J0IFN3YWwgZnJvbSAnc3dlZXRhbGVydDInO1xuXG5pbXBvcnQgeyB1c2VGb3JtIH0gZnJvbSAncmVhY3QtaG9vay1mb3JtJztcbmltcG9ydCB7IHJlZ2lzdGVyQVBJIH0gZnJvbSAnLi4vYXBpcy9wb3N0JztcbmltcG9ydCB7IGNzcyB9IGZyb20gJ0BlbW90aW9uL2NvcmUnO1xuXG5jb25zdCBSZWdpc3RlciA9ICgpID0+IHtcbiAgY29uc3QgeyByZWdpc3RlciwgaGFuZGxlU3VibWl0IH0gPSB1c2VGb3JtKCk7XG5cbiAgY29uc3QgcmVnaXN0cmF0aW9uID0gYXN5bmMgZGF0YSA9PiB7XG4gICAgdHJ5IHtcbiAgICAgIGNvbnN0IHJlc3BvbnNlID0gYXdhaXQgcmVnaXN0ZXJBUEkoZGF0YS5JZCwgZGF0YS5QYXNzd29yZCk7XG4gICAgICBpZiAocmVzcG9uc2UpIHtcbiAgICAgICAgU3dhbC5maXJlKHtcbiAgICAgICAgICBpY29uOiAnc3VjY2VzcycsXG4gICAgICAgICAgdGl0bGU6ICdSZWdpc3RlcmVkJyxcbiAgICAgICAgICB0ZXh0OiBgV2VsY29tZSAke2RhdGEuSWR9IHRvIEJvbmdzdGFncmFtIFBsZWFzZSBsb2dpbiFgXG4gICAgICAgIH0pO1xuICAgICAgfVxuICAgIH0gY2F0Y2ggKGUpIHtcbiAgICAgIFN3YWwuZmlyZSh7XG4gICAgICAgIGljb246ICdlcnJvcicsXG4gICAgICAgIHRpdGxlOiAnT29wcy4uLicsXG4gICAgICAgIHRleHQ6ICdDaGVjayBJbnB1dCdcbiAgICAgIH0pO1xuICAgIH1cbiAgfTtcblxuICByZXR1cm4gKFxuICAgIDxmb3JtIG9uU3VibWl0PXtoYW5kbGVTdWJtaXQocmVnaXN0cmF0aW9uKX0gY3NzPXtbYm94XX0+XG4gICAgICB7LyogPHNwYW4+W1JlZ2lzdGVyXTwvc3Bhbj4gKi99XG4gICAgICA8aW5wdXRcbiAgICAgICAgbmFtZT1cIklkXCJcbiAgICAgICAgZGVmYXVsdFZhbHVlPVwiXCJcbiAgICAgICAgcmVmPXtyZWdpc3Rlcn1cbiAgICAgICAgcGxhY2Vob2xkZXI9XCLqsIDsnoUg7JuQ7ZWY64qUIOyVhOydtOuUlFwiXG4gICAgICAgIGNzcz17W2lucHV0QnV0dG9uQ3NzXX1cbiAgICAgIC8+XG4gICAgICB7LyogPGxhYmVsPnBhc3N3b3JkOjwvbGFiZWw+ICovfVxuICAgICAgPGlucHV0XG4gICAgICAgIG5hbWU9XCJQYXNzd29yZFwiXG4gICAgICAgIGRlZmF1bHRWYWx1ZT1cIlwiXG4gICAgICAgIHJlZj17cmVnaXN0ZXIoeyByZXF1aXJlZDogdHJ1ZSwgbWF4TGVuZ3RoOiAxMCB9KX1cbiAgICAgICAgcGxhY2Vob2xkZXI9XCLruYTrsIDrsojtmLhcIlxuICAgICAgICBjc3M9e1tpbnB1dEJ1dHRvbkNzc119XG4gICAgICAvPlxuICAgICAgPGlucHV0IHR5cGU9XCJzdWJtaXRcIiBjc3M9e1tzdWJtaXRCdXR0b25Dc3NdfSB2YWx1ZT1cIuqwgOyehe2VmOq4sFwiIC8+XG4gICAgPC9mb3JtPlxuICApO1xufTtcblxuY29uc3QgYm94ID0gY3NzYFxuICBkaXNwbGF5OiAtd2Via2l0LWJveDtcbiAgZGlzcGxheTogZmxleDtcbiAganVzdGlmeS1jb250ZW50OiBjZW50ZXI7XG4gIGZsZXgtd3JhcDogd3JhcDtcbiAgZmxleC1kaXJlY3Rpb246IGNvbHVtbjtcbiAgZGlzcGxheTogaW5saW5lLWZsZXg7XG5gO1xuXG5jb25zdCBpbnB1dEJ1dHRvbkNzcyA9IGNzc2BcbiAgYmFja2dyb3VuZDogI2ZhZmFmYTtcbiAgYm9yZGVyOiAxcHggc29saWQgI2RiZGJkYjtcbiAgcGFkZGluZzogN3B4IDYwcHg7XG4gIG1hcmdpbi1ib3R0b206IDVweDtcbiAgbWFyZ2luLWxlZnQ6IC0xMHB4O1xuICBtYXJnaW4tcmlnaHQ6IC0xMHB4O1xuYDtcblxuY29uc3Qgc3VibWl0QnV0dG9uQ3NzID0gY3NzYFxuICBib3JkZXItcmFkaXVzOiA0cHg7XG4gIGJhY2tncm91bmQtY29sb3I6IGNvcm5mbG93ZXJibHVlO1xuICBjb2xvcjogd2hpdGU7XG4gIGJvcmRlcjogMXB4IHNvbGlkICNkYmRiZGI7XG4gIHBhZGRpbmc6IDRweCAwcHg7XG4gIG1hcmdpbi1ib3R0b206IDVweDtcbiAgbWFyZ2luLWxlZnQ6IC0xMHB4O1xuICBtYXJnaW4tcmlnaHQ6IC0xMHB4O1xuICBtYXJnaW4tdG9wOiA2cHg7XG5gO1xuXG5leHBvcnQgZGVmYXVsdCBSZWdpc3RlcjtcbiJdfQ== */",
                "name": "1d93n2z-inputButtonCss-Register",
                "next": undefined,
                "styles": "background:#fafafa;border:1px solid #dbdbdb;padding:7px 60px;margin-bottom:5px;margin-left:-10px;margin-right:-10px;;label:inputButtonCss;;;label:Register;/*# sourceMappingURL=data:application/json;charset=utf-8;base64,eyJ2ZXJzaW9uIjozLCJzb3VyY2VzIjpbIlJlZ2lzdGVyLmpzIl0sIm5hbWVzIjpbXSwibWFwcGluZ3MiOiJBQXFDUSIsImZpbGUiOiJSZWdpc3Rlci5qcyIsInNvdXJjZXNDb250ZW50IjpbImltcG9ydCBSZWFjdCBmcm9tICdyZWFjdCc7XG5pbXBvcnQgU3dhbCBmcm9tICdzd2VldGFsZXJ0Mic7XG5cbmltcG9ydCB7IHVzZUZvcm0gfSBmcm9tICdyZWFjdC1ob29rLWZvcm0nO1xuaW1wb3J0IHsgcmVnaXN0ZXJBUEkgfSBmcm9tICcuLi9hcGlzL3Bvc3QnO1xuaW1wb3J0IHsgY3NzIH0gZnJvbSAnQGVtb3Rpb24vY29yZSc7XG5cbmNvbnN0IFJlZ2lzdGVyID0gKCkgPT4ge1xuICBjb25zdCB7IHJlZ2lzdGVyLCBoYW5kbGVTdWJtaXQgfSA9IHVzZUZvcm0oKTtcblxuICBjb25zdCByZWdpc3RyYXRpb24gPSBhc3luYyBkYXRhID0+IHtcbiAgICB0cnkge1xuICAgICAgY29uc3QgcmVzcG9uc2UgPSBhd2FpdCByZWdpc3RlckFQSShkYXRhLklkLCBkYXRhLlBhc3N3b3JkKTtcbiAgICAgIGlmIChyZXNwb25zZSkge1xuICAgICAgICBTd2FsLmZpcmUoe1xuICAgICAgICAgIGljb246ICdzdWNjZXNzJyxcbiAgICAgICAgICB0aXRsZTogJ1JlZ2lzdGVyZWQnLFxuICAgICAgICAgIHRleHQ6IGBXZWxjb21lICR7ZGF0YS5JZH0gdG8gQm9uZ3N0YWdyYW0gUGxlYXNlIGxvZ2luIWBcbiAgICAgICAgfSk7XG4gICAgICB9XG4gICAgfSBjYXRjaCAoZSkge1xuICAgICAgU3dhbC5maXJlKHtcbiAgICAgICAgaWNvbjogJ2Vycm9yJyxcbiAgICAgICAgdGl0bGU6ICdPb3BzLi4uJyxcbiAgICAgICAgdGV4dDogJ0NoZWNrIElucHV0J1xuICAgICAgfSk7XG4gICAgfVxuICB9O1xuXG4gIHJldHVybiAoXG4gICAgPGZvcm0gb25TdWJtaXQ9e2hhbmRsZVN1Ym1pdChyZWdpc3RyYXRpb24pfSBjc3M9e1tib3hdfT5cbiAgICAgIHsvKiA8c3Bhbj5bUmVnaXN0ZXJdPC9zcGFuPiAqL31cbiAgICAgIDxpbnB1dFxuICAgICAgICBuYW1lPVwiSWRcIlxuICAgICAgICBkZWZhdWx0VmFsdWU9XCJcIlxuICAgICAgICByZWY9e3JlZ2lzdGVyfVxuICAgICAgICBwbGFjZWhvbGRlcj1cIuqwgOyehSDsm5DtlZjripQg7JWE7J2065SUXCJcbiAgICAgICAgY3NzPXtbaW5wdXRCdXR0b25Dc3NdfVxuICAgICAgLz5cbiAgICAgIHsvKiA8bGFiZWw+cGFzc3dvcmQ6PC9sYWJlbD4gKi99XG4gICAgICA8aW5wdXRcbiAgICAgICAgbmFtZT1cIlBhc3N3b3JkXCJcbiAgICAgICAgZGVmYXVsdFZhbHVlPVwiXCJcbiAgICAgICAgcmVmPXtyZWdpc3Rlcih7IHJlcXVpcmVkOiB0cnVlLCBtYXhMZW5ndGg6IDEwIH0pfVxuICAgICAgICBwbGFjZWhvbGRlcj1cIuu5hOuwgOuyiO2YuFwiXG4gICAgICAgIGNzcz17W2lucHV0QnV0dG9uQ3NzXX1cbiAgICAgIC8+XG4gICAgICA8aW5wdXQgdHlwZT1cInN1Ym1pdFwiIGNzcz17W3N1Ym1pdEJ1dHRvbkNzc119IHZhbHVlPVwi6rCA7J6F7ZWY6riwXCIgLz5cbiAgICA8L2Zvcm0+XG4gICk7XG59O1xuXG5jb25zdCBib3ggPSBjc3NgXG4gIGRpc3BsYXk6IC13ZWJraXQtYm94O1xuICBkaXNwbGF5OiBmbGV4O1xuICBqdXN0aWZ5LWNvbnRlbnQ6IGNlbnRlcjtcbiAgZmxleC13cmFwOiB3cmFwO1xuICBmbGV4LWRpcmVjdGlvbjogY29sdW1uO1xuICBkaXNwbGF5OiBpbmxpbmUtZmxleDtcbmA7XG5cbmNvbnN0IGlucHV0QnV0dG9uQ3NzID0gY3NzYFxuICBiYWNrZ3JvdW5kOiAjZmFmYWZhO1xuICBib3JkZXI6IDFweCBzb2xpZCAjZGJkYmRiO1xuICBwYWRkaW5nOiA3cHggNjBweDtcbiAgbWFyZ2luLWJvdHRvbTogNXB4O1xuICBtYXJnaW4tbGVmdDogLTEwcHg7XG4gIG1hcmdpbi1yaWdodDogLTEwcHg7XG5gO1xuXG5jb25zdCBzdWJtaXRCdXR0b25Dc3MgPSBjc3NgXG4gIGJvcmRlci1yYWRpdXM6IDRweDtcbiAgYmFja2dyb3VuZC1jb2xvcjogY29ybmZsb3dlcmJsdWU7XG4gIGNvbG9yOiB3aGl0ZTtcbiAgYm9yZGVyOiAxcHggc29saWQgI2RiZGJkYjtcbiAgcGFkZGluZzogNHB4IDBweDtcbiAgbWFyZ2luLWJvdHRvbTogNXB4O1xuICBtYXJnaW4tbGVmdDogLTEwcHg7XG4gIG1hcmdpbi1yaWdodDogLTEwcHg7XG4gIG1hcmdpbi10b3A6IDZweDtcbmA7XG5cbmV4cG9ydCBkZWZhdWx0IFJlZ2lzdGVyO1xuIl19 */",
                "toString": [Function],
              }
            }
            defaultValue=""
            name="Id"
            placeholder="가입 원하는 아이디"
          >
            <input
              className="css-1d93n2z-inputButtonCss-Register"
              defaultValue=""
              name="Id"
              placeholder="가입 원하는 아이디"
            />
          </EmotionCssPropInternal>
          <EmotionCssPropInternal
            __EMOTION_LABEL_PLEASE_DO_NOT_USE__="Register"
            __EMOTION_TYPE_PLEASE_DO_NOT_USE__="input"
            css={
              Object {
                "map": "/*# sourceMappingURL=data:application/json;charset=utf-8;base64,eyJ2ZXJzaW9uIjozLCJzb3VyY2VzIjpbIlJlZ2lzdGVyLmpzIl0sIm5hbWVzIjpbXSwibWFwcGluZ3MiOiJBQTZEMEIiLCJmaWxlIjoiUmVnaXN0ZXIuanMiLCJzb3VyY2VzQ29udGVudCI6WyJpbXBvcnQgUmVhY3QgZnJvbSAncmVhY3QnO1xuaW1wb3J0IFN3YWwgZnJvbSAnc3dlZXRhbGVydDInO1xuXG5pbXBvcnQgeyB1c2VGb3JtIH0gZnJvbSAncmVhY3QtaG9vay1mb3JtJztcbmltcG9ydCB7IHJlZ2lzdGVyQVBJIH0gZnJvbSAnLi4vYXBpcy9wb3N0JztcbmltcG9ydCB7IGNzcyB9IGZyb20gJ0BlbW90aW9uL2NvcmUnO1xuXG5jb25zdCBSZWdpc3RlciA9ICgpID0+IHtcbiAgY29uc3QgeyByZWdpc3RlciwgaGFuZGxlU3VibWl0IH0gPSB1c2VGb3JtKCk7XG5cbiAgY29uc3QgcmVnaXN0cmF0aW9uID0gYXN5bmMgZGF0YSA9PiB7XG4gICAgdHJ5IHtcbiAgICAgIGNvbnN0IHJlc3BvbnNlID0gYXdhaXQgcmVnaXN0ZXJBUEkoZGF0YS5JZCwgZGF0YS5QYXNzd29yZCk7XG4gICAgICBpZiAocmVzcG9uc2UpIHtcbiAgICAgICAgU3dhbC5maXJlKHtcbiAgICAgICAgICBpY29uOiAnc3VjY2VzcycsXG4gICAgICAgICAgdGl0bGU6ICdSZWdpc3RlcmVkJyxcbiAgICAgICAgICB0ZXh0OiBgV2VsY29tZSAke2RhdGEuSWR9IHRvIEJvbmdzdGFncmFtIFBsZWFzZSBsb2dpbiFgXG4gICAgICAgIH0pO1xuICAgICAgfVxuICAgIH0gY2F0Y2ggKGUpIHtcbiAgICAgIFN3YWwuZmlyZSh7XG4gICAgICAgIGljb246ICdlcnJvcicsXG4gICAgICAgIHRpdGxlOiAnT29wcy4uLicsXG4gICAgICAgIHRleHQ6ICdDaGVjayBJbnB1dCdcbiAgICAgIH0pO1xuICAgIH1cbiAgfTtcblxuICByZXR1cm4gKFxuICAgIDxmb3JtIG9uU3VibWl0PXtoYW5kbGVTdWJtaXQocmVnaXN0cmF0aW9uKX0gY3NzPXtbYm94XX0+XG4gICAgICB7LyogPHNwYW4+W1JlZ2lzdGVyXTwvc3Bhbj4gKi99XG4gICAgICA8aW5wdXRcbiAgICAgICAgbmFtZT1cIklkXCJcbiAgICAgICAgZGVmYXVsdFZhbHVlPVwiXCJcbiAgICAgICAgcmVmPXtyZWdpc3Rlcn1cbiAgICAgICAgcGxhY2Vob2xkZXI9XCLqsIDsnoUg7JuQ7ZWY64qUIOyVhOydtOuUlFwiXG4gICAgICAgIGNzcz17W2lucHV0QnV0dG9uQ3NzXX1cbiAgICAgIC8+XG4gICAgICB7LyogPGxhYmVsPnBhc3N3b3JkOjwvbGFiZWw+ICovfVxuICAgICAgPGlucHV0XG4gICAgICAgIG5hbWU9XCJQYXNzd29yZFwiXG4gICAgICAgIGRlZmF1bHRWYWx1ZT1cIlwiXG4gICAgICAgIHJlZj17cmVnaXN0ZXIoeyByZXF1aXJlZDogdHJ1ZSwgbWF4TGVuZ3RoOiAxMCB9KX1cbiAgICAgICAgcGxhY2Vob2xkZXI9XCLruYTrsIDrsojtmLhcIlxuICAgICAgICBjc3M9e1tpbnB1dEJ1dHRvbkNzc119XG4gICAgICAvPlxuICAgICAgPGlucHV0IHR5cGU9XCJzdWJtaXRcIiBjc3M9e1tzdWJtaXRCdXR0b25Dc3NdfSB2YWx1ZT1cIuqwgOyehe2VmOq4sFwiIC8+XG4gICAgPC9mb3JtPlxuICApO1xufTtcblxuY29uc3QgYm94ID0gY3NzYFxuICBkaXNwbGF5OiAtd2Via2l0LWJveDtcbiAgZGlzcGxheTogZmxleDtcbiAganVzdGlmeS1jb250ZW50OiBjZW50ZXI7XG4gIGZsZXgtd3JhcDogd3JhcDtcbiAgZmxleC1kaXJlY3Rpb246IGNvbHVtbjtcbiAgZGlzcGxheTogaW5saW5lLWZsZXg7XG5gO1xuXG5jb25zdCBpbnB1dEJ1dHRvbkNzcyA9IGNzc2BcbiAgYmFja2dyb3VuZDogI2ZhZmFmYTtcbiAgYm9yZGVyOiAxcHggc29saWQgI2RiZGJkYjtcbiAgcGFkZGluZzogN3B4IDYwcHg7XG4gIG1hcmdpbi1ib3R0b206IDVweDtcbiAgbWFyZ2luLWxlZnQ6IC0xMHB4O1xuICBtYXJnaW4tcmlnaHQ6IC0xMHB4O1xuYDtcblxuY29uc3Qgc3VibWl0QnV0dG9uQ3NzID0gY3NzYFxuICBib3JkZXItcmFkaXVzOiA0cHg7XG4gIGJhY2tncm91bmQtY29sb3I6IGNvcm5mbG93ZXJibHVlO1xuICBjb2xvcjogd2hpdGU7XG4gIGJvcmRlcjogMXB4IHNvbGlkICNkYmRiZGI7XG4gIHBhZGRpbmc6IDRweCAwcHg7XG4gIG1hcmdpbi1ib3R0b206IDVweDtcbiAgbWFyZ2luLWxlZnQ6IC0xMHB4O1xuICBtYXJnaW4tcmlnaHQ6IC0xMHB4O1xuICBtYXJnaW4tdG9wOiA2cHg7XG5gO1xuXG5leHBvcnQgZGVmYXVsdCBSZWdpc3RlcjtcbiJdfQ== */",
                "name": "rwy15f-inputButtonCss-Register",
                "next": undefined,
                "styles": "background:#fafafa;border:1px solid #dbdbdb;padding:7px 60px;margin-bottom:5px;margin-left:-10px;margin-right:-10px;;label:inputButtonCss;;;label:Register;/*# sourceMappingURL=data:application/json;charset=utf-8;base64,eyJ2ZXJzaW9uIjozLCJzb3VyY2VzIjpbIlJlZ2lzdGVyLmpzIl0sIm5hbWVzIjpbXSwibWFwcGluZ3MiOiJBQTZDUSIsImZpbGUiOiJSZWdpc3Rlci5qcyIsInNvdXJjZXNDb250ZW50IjpbImltcG9ydCBSZWFjdCBmcm9tICdyZWFjdCc7XG5pbXBvcnQgU3dhbCBmcm9tICdzd2VldGFsZXJ0Mic7XG5cbmltcG9ydCB7IHVzZUZvcm0gfSBmcm9tICdyZWFjdC1ob29rLWZvcm0nO1xuaW1wb3J0IHsgcmVnaXN0ZXJBUEkgfSBmcm9tICcuLi9hcGlzL3Bvc3QnO1xuaW1wb3J0IHsgY3NzIH0gZnJvbSAnQGVtb3Rpb24vY29yZSc7XG5cbmNvbnN0IFJlZ2lzdGVyID0gKCkgPT4ge1xuICBjb25zdCB7IHJlZ2lzdGVyLCBoYW5kbGVTdWJtaXQgfSA9IHVzZUZvcm0oKTtcblxuICBjb25zdCByZWdpc3RyYXRpb24gPSBhc3luYyBkYXRhID0+IHtcbiAgICB0cnkge1xuICAgICAgY29uc3QgcmVzcG9uc2UgPSBhd2FpdCByZWdpc3RlckFQSShkYXRhLklkLCBkYXRhLlBhc3N3b3JkKTtcbiAgICAgIGlmIChyZXNwb25zZSkge1xuICAgICAgICBTd2FsLmZpcmUoe1xuICAgICAgICAgIGljb246ICdzdWNjZXNzJyxcbiAgICAgICAgICB0aXRsZTogJ1JlZ2lzdGVyZWQnLFxuICAgICAgICAgIHRleHQ6IGBXZWxjb21lICR7ZGF0YS5JZH0gdG8gQm9uZ3N0YWdyYW0gUGxlYXNlIGxvZ2luIWBcbiAgICAgICAgfSk7XG4gICAgICB9XG4gICAgfSBjYXRjaCAoZSkge1xuICAgICAgU3dhbC5maXJlKHtcbiAgICAgICAgaWNvbjogJ2Vycm9yJyxcbiAgICAgICAgdGl0bGU6ICdPb3BzLi4uJyxcbiAgICAgICAgdGV4dDogJ0NoZWNrIElucHV0J1xuICAgICAgfSk7XG4gICAgfVxuICB9O1xuXG4gIHJldHVybiAoXG4gICAgPGZvcm0gb25TdWJtaXQ9e2hhbmRsZVN1Ym1pdChyZWdpc3RyYXRpb24pfSBjc3M9e1tib3hdfT5cbiAgICAgIHsvKiA8c3Bhbj5bUmVnaXN0ZXJdPC9zcGFuPiAqL31cbiAgICAgIDxpbnB1dFxuICAgICAgICBuYW1lPVwiSWRcIlxuICAgICAgICBkZWZhdWx0VmFsdWU9XCJcIlxuICAgICAgICByZWY9e3JlZ2lzdGVyfVxuICAgICAgICBwbGFjZWhvbGRlcj1cIuqwgOyehSDsm5DtlZjripQg7JWE7J2065SUXCJcbiAgICAgICAgY3NzPXtbaW5wdXRCdXR0b25Dc3NdfVxuICAgICAgLz5cbiAgICAgIHsvKiA8bGFiZWw+cGFzc3dvcmQ6PC9sYWJlbD4gKi99XG4gICAgICA8aW5wdXRcbiAgICAgICAgbmFtZT1cIlBhc3N3b3JkXCJcbiAgICAgICAgZGVmYXVsdFZhbHVlPVwiXCJcbiAgICAgICAgcmVmPXtyZWdpc3Rlcih7IHJlcXVpcmVkOiB0cnVlLCBtYXhMZW5ndGg6IDEwIH0pfVxuICAgICAgICBwbGFjZWhvbGRlcj1cIuu5hOuwgOuyiO2YuFwiXG4gICAgICAgIGNzcz17W2lucHV0QnV0dG9uQ3NzXX1cbiAgICAgIC8+XG4gICAgICA8aW5wdXQgdHlwZT1cInN1Ym1pdFwiIGNzcz17W3N1Ym1pdEJ1dHRvbkNzc119IHZhbHVlPVwi6rCA7J6F7ZWY6riwXCIgLz5cbiAgICA8L2Zvcm0+XG4gICk7XG59O1xuXG5jb25zdCBib3ggPSBjc3NgXG4gIGRpc3BsYXk6IC13ZWJraXQtYm94O1xuICBkaXNwbGF5OiBmbGV4O1xuICBqdXN0aWZ5LWNvbnRlbnQ6IGNlbnRlcjtcbiAgZmxleC13cmFwOiB3cmFwO1xuICBmbGV4LWRpcmVjdGlvbjogY29sdW1uO1xuICBkaXNwbGF5OiBpbmxpbmUtZmxleDtcbmA7XG5cbmNvbnN0IGlucHV0QnV0dG9uQ3NzID0gY3NzYFxuICBiYWNrZ3JvdW5kOiAjZmFmYWZhO1xuICBib3JkZXI6IDFweCBzb2xpZCAjZGJkYmRiO1xuICBwYWRkaW5nOiA3cHggNjBweDtcbiAgbWFyZ2luLWJvdHRvbTogNXB4O1xuICBtYXJnaW4tbGVmdDogLTEwcHg7XG4gIG1hcmdpbi1yaWdodDogLTEwcHg7XG5gO1xuXG5jb25zdCBzdWJtaXRCdXR0b25Dc3MgPSBjc3NgXG4gIGJvcmRlci1yYWRpdXM6IDRweDtcbiAgYmFja2dyb3VuZC1jb2xvcjogY29ybmZsb3dlcmJsdWU7XG4gIGNvbG9yOiB3aGl0ZTtcbiAgYm9yZGVyOiAxcHggc29saWQgI2RiZGJkYjtcbiAgcGFkZGluZzogNHB4IDBweDtcbiAgbWFyZ2luLWJvdHRvbTogNXB4O1xuICBtYXJnaW4tbGVmdDogLTEwcHg7XG4gIG1hcmdpbi1yaWdodDogLTEwcHg7XG4gIG1hcmdpbi10b3A6IDZweDtcbmA7XG5cbmV4cG9ydCBkZWZhdWx0IFJlZ2lzdGVyO1xuIl19 */",
                "toString": [Function],
              }
            }
            defaultValue=""
            name="Password"
            placeholder="비밀번호"
          >
            <input
              className="css-rwy15f-inputButtonCss-Register"
              defaultValue=""
              name="Password"
              placeholder="비밀번호"
            />
          </EmotionCssPropInternal>
          <EmotionCssPropInternal
            __EMOTION_LABEL_PLEASE_DO_NOT_USE__="Register"
            __EMOTION_TYPE_PLEASE_DO_NOT_USE__="input"
            css={
              Object {
                "map": "/*# sourceMappingURL=data:application/json;charset=utf-8;base64,eyJ2ZXJzaW9uIjozLCJzb3VyY2VzIjpbIlJlZ2lzdGVyLmpzIl0sIm5hbWVzIjpbXSwibWFwcGluZ3MiOiJBQXNFMkIiLCJmaWxlIjoiUmVnaXN0ZXIuanMiLCJzb3VyY2VzQ29udGVudCI6WyJpbXBvcnQgUmVhY3QgZnJvbSAncmVhY3QnO1xuaW1wb3J0IFN3YWwgZnJvbSAnc3dlZXRhbGVydDInO1xuXG5pbXBvcnQgeyB1c2VGb3JtIH0gZnJvbSAncmVhY3QtaG9vay1mb3JtJztcbmltcG9ydCB7IHJlZ2lzdGVyQVBJIH0gZnJvbSAnLi4vYXBpcy9wb3N0JztcbmltcG9ydCB7IGNzcyB9IGZyb20gJ0BlbW90aW9uL2NvcmUnO1xuXG5jb25zdCBSZWdpc3RlciA9ICgpID0+IHtcbiAgY29uc3QgeyByZWdpc3RlciwgaGFuZGxlU3VibWl0IH0gPSB1c2VGb3JtKCk7XG5cbiAgY29uc3QgcmVnaXN0cmF0aW9uID0gYXN5bmMgZGF0YSA9PiB7XG4gICAgdHJ5IHtcbiAgICAgIGNvbnN0IHJlc3BvbnNlID0gYXdhaXQgcmVnaXN0ZXJBUEkoZGF0YS5JZCwgZGF0YS5QYXNzd29yZCk7XG4gICAgICBpZiAocmVzcG9uc2UpIHtcbiAgICAgICAgU3dhbC5maXJlKHtcbiAgICAgICAgICBpY29uOiAnc3VjY2VzcycsXG4gICAgICAgICAgdGl0bGU6ICdSZWdpc3RlcmVkJyxcbiAgICAgICAgICB0ZXh0OiBgV2VsY29tZSAke2RhdGEuSWR9IHRvIEJvbmdzdGFncmFtIFBsZWFzZSBsb2dpbiFgXG4gICAgICAgIH0pO1xuICAgICAgfVxuICAgIH0gY2F0Y2ggKGUpIHtcbiAgICAgIFN3YWwuZmlyZSh7XG4gICAgICAgIGljb246ICdlcnJvcicsXG4gICAgICAgIHRpdGxlOiAnT29wcy4uLicsXG4gICAgICAgIHRleHQ6ICdDaGVjayBJbnB1dCdcbiAgICAgIH0pO1xuICAgIH1cbiAgfTtcblxuICByZXR1cm4gKFxuICAgIDxmb3JtIG9uU3VibWl0PXtoYW5kbGVTdWJtaXQocmVnaXN0cmF0aW9uKX0gY3NzPXtbYm94XX0+XG4gICAgICB7LyogPHNwYW4+W1JlZ2lzdGVyXTwvc3Bhbj4gKi99XG4gICAgICA8aW5wdXRcbiAgICAgICAgbmFtZT1cIklkXCJcbiAgICAgICAgZGVmYXVsdFZhbHVlPVwiXCJcbiAgICAgICAgcmVmPXtyZWdpc3Rlcn1cbiAgICAgICAgcGxhY2Vob2xkZXI9XCLqsIDsnoUg7JuQ7ZWY64qUIOyVhOydtOuUlFwiXG4gICAgICAgIGNzcz17W2lucHV0QnV0dG9uQ3NzXX1cbiAgICAgIC8+XG4gICAgICB7LyogPGxhYmVsPnBhc3N3b3JkOjwvbGFiZWw+ICovfVxuICAgICAgPGlucHV0XG4gICAgICAgIG5hbWU9XCJQYXNzd29yZFwiXG4gICAgICAgIGRlZmF1bHRWYWx1ZT1cIlwiXG4gICAgICAgIHJlZj17cmVnaXN0ZXIoeyByZXF1aXJlZDogdHJ1ZSwgbWF4TGVuZ3RoOiAxMCB9KX1cbiAgICAgICAgcGxhY2Vob2xkZXI9XCLruYTrsIDrsojtmLhcIlxuICAgICAgICBjc3M9e1tpbnB1dEJ1dHRvbkNzc119XG4gICAgICAvPlxuICAgICAgPGlucHV0IHR5cGU9XCJzdWJtaXRcIiBjc3M9e1tzdWJtaXRCdXR0b25Dc3NdfSB2YWx1ZT1cIuqwgOyehe2VmOq4sFwiIC8+XG4gICAgPC9mb3JtPlxuICApO1xufTtcblxuY29uc3QgYm94ID0gY3NzYFxuICBkaXNwbGF5OiAtd2Via2l0LWJveDtcbiAgZGlzcGxheTogZmxleDtcbiAganVzdGlmeS1jb250ZW50OiBjZW50ZXI7XG4gIGZsZXgtd3JhcDogd3JhcDtcbiAgZmxleC1kaXJlY3Rpb246IGNvbHVtbjtcbiAgZGlzcGxheTogaW5saW5lLWZsZXg7XG5gO1xuXG5jb25zdCBpbnB1dEJ1dHRvbkNzcyA9IGNzc2BcbiAgYmFja2dyb3VuZDogI2ZhZmFmYTtcbiAgYm9yZGVyOiAxcHggc29saWQgI2RiZGJkYjtcbiAgcGFkZGluZzogN3B4IDYwcHg7XG4gIG1hcmdpbi1ib3R0b206IDVweDtcbiAgbWFyZ2luLWxlZnQ6IC0xMHB4O1xuICBtYXJnaW4tcmlnaHQ6IC0xMHB4O1xuYDtcblxuY29uc3Qgc3VibWl0QnV0dG9uQ3NzID0gY3NzYFxuICBib3JkZXItcmFkaXVzOiA0cHg7XG4gIGJhY2tncm91bmQtY29sb3I6IGNvcm5mbG93ZXJibHVlO1xuICBjb2xvcjogd2hpdGU7XG4gIGJvcmRlcjogMXB4IHNvbGlkICNkYmRiZGI7XG4gIHBhZGRpbmc6IDRweCAwcHg7XG4gIG1hcmdpbi1ib3R0b206IDVweDtcbiAgbWFyZ2luLWxlZnQ6IC0xMHB4O1xuICBtYXJnaW4tcmlnaHQ6IC0xMHB4O1xuICBtYXJnaW4tdG9wOiA2cHg7XG5gO1xuXG5leHBvcnQgZGVmYXVsdCBSZWdpc3RlcjtcbiJdfQ== */",
                "name": "1aegltd-submitButtonCss-Register",
                "next": undefined,
                "styles": "border-radius:4px;background-color:cornflowerblue;color:white;border:1px solid #dbdbdb;padding:4px 0px;margin-bottom:5px;margin-left:-10px;margin-right:-10px;margin-top:6px;;label:submitButtonCss;;;label:Register;/*# sourceMappingURL=data:application/json;charset=utf-8;base64,eyJ2ZXJzaW9uIjozLCJzb3VyY2VzIjpbIlJlZ2lzdGVyLmpzIl0sIm5hbWVzIjpbXSwibWFwcGluZ3MiOiJBQStDMkIiLCJmaWxlIjoiUmVnaXN0ZXIuanMiLCJzb3VyY2VzQ29udGVudCI6WyJpbXBvcnQgUmVhY3QgZnJvbSAncmVhY3QnO1xuaW1wb3J0IFN3YWwgZnJvbSAnc3dlZXRhbGVydDInO1xuXG5pbXBvcnQgeyB1c2VGb3JtIH0gZnJvbSAncmVhY3QtaG9vay1mb3JtJztcbmltcG9ydCB7IHJlZ2lzdGVyQVBJIH0gZnJvbSAnLi4vYXBpcy9wb3N0JztcbmltcG9ydCB7IGNzcyB9IGZyb20gJ0BlbW90aW9uL2NvcmUnO1xuXG5jb25zdCBSZWdpc3RlciA9ICgpID0+IHtcbiAgY29uc3QgeyByZWdpc3RlciwgaGFuZGxlU3VibWl0IH0gPSB1c2VGb3JtKCk7XG5cbiAgY29uc3QgcmVnaXN0cmF0aW9uID0gYXN5bmMgZGF0YSA9PiB7XG4gICAgdHJ5IHtcbiAgICAgIGNvbnN0IHJlc3BvbnNlID0gYXdhaXQgcmVnaXN0ZXJBUEkoZGF0YS5JZCwgZGF0YS5QYXNzd29yZCk7XG4gICAgICBpZiAocmVzcG9uc2UpIHtcbiAgICAgICAgU3dhbC5maXJlKHtcbiAgICAgICAgICBpY29uOiAnc3VjY2VzcycsXG4gICAgICAgICAgdGl0bGU6ICdSZWdpc3RlcmVkJyxcbiAgICAgICAgICB0ZXh0OiBgV2VsY29tZSAke2RhdGEuSWR9IHRvIEJvbmdzdGFncmFtIFBsZWFzZSBsb2dpbiFgXG4gICAgICAgIH0pO1xuICAgICAgfVxuICAgIH0gY2F0Y2ggKGUpIHtcbiAgICAgIFN3YWwuZmlyZSh7XG4gICAgICAgIGljb246ICdlcnJvcicsXG4gICAgICAgIHRpdGxlOiAnT29wcy4uLicsXG4gICAgICAgIHRleHQ6ICdDaGVjayBJbnB1dCdcbiAgICAgIH0pO1xuICAgIH1cbiAgfTtcblxuICByZXR1cm4gKFxuICAgIDxmb3JtIG9uU3VibWl0PXtoYW5kbGVTdWJtaXQocmVnaXN0cmF0aW9uKX0gY3NzPXtbYm94XX0+XG4gICAgICB7LyogPHNwYW4+W1JlZ2lzdGVyXTwvc3Bhbj4gKi99XG4gICAgICA8aW5wdXRcbiAgICAgICAgbmFtZT1cIklkXCJcbiAgICAgICAgZGVmYXVsdFZhbHVlPVwiXCJcbiAgICAgICAgcmVmPXtyZWdpc3Rlcn1cbiAgICAgICAgcGxhY2Vob2xkZXI9XCLqsIDsnoUg7JuQ7ZWY64qUIOyVhOydtOuUlFwiXG4gICAgICAgIGNzcz17W2lucHV0QnV0dG9uQ3NzXX1cbiAgICAgIC8+XG4gICAgICB7LyogPGxhYmVsPnBhc3N3b3JkOjwvbGFiZWw+ICovfVxuICAgICAgPGlucHV0XG4gICAgICAgIG5hbWU9XCJQYXNzd29yZFwiXG4gICAgICAgIGRlZmF1bHRWYWx1ZT1cIlwiXG4gICAgICAgIHJlZj17cmVnaXN0ZXIoeyByZXF1aXJlZDogdHJ1ZSwgbWF4TGVuZ3RoOiAxMCB9KX1cbiAgICAgICAgcGxhY2Vob2xkZXI9XCLruYTrsIDrsojtmLhcIlxuICAgICAgICBjc3M9e1tpbnB1dEJ1dHRvbkNzc119XG4gICAgICAvPlxuICAgICAgPGlucHV0IHR5cGU9XCJzdWJtaXRcIiBjc3M9e1tzdWJtaXRCdXR0b25Dc3NdfSB2YWx1ZT1cIuqwgOyehe2VmOq4sFwiIC8+XG4gICAgPC9mb3JtPlxuICApO1xufTtcblxuY29uc3QgYm94ID0gY3NzYFxuICBkaXNwbGF5OiAtd2Via2l0LWJveDtcbiAgZGlzcGxheTogZmxleDtcbiAganVzdGlmeS1jb250ZW50OiBjZW50ZXI7XG4gIGZsZXgtd3JhcDogd3JhcDtcbiAgZmxleC1kaXJlY3Rpb246IGNvbHVtbjtcbiAgZGlzcGxheTogaW5saW5lLWZsZXg7XG5gO1xuXG5jb25zdCBpbnB1dEJ1dHRvbkNzcyA9IGNzc2BcbiAgYmFja2dyb3VuZDogI2ZhZmFmYTtcbiAgYm9yZGVyOiAxcHggc29saWQgI2RiZGJkYjtcbiAgcGFkZGluZzogN3B4IDYwcHg7XG4gIG1hcmdpbi1ib3R0b206IDVweDtcbiAgbWFyZ2luLWxlZnQ6IC0xMHB4O1xuICBtYXJnaW4tcmlnaHQ6IC0xMHB4O1xuYDtcblxuY29uc3Qgc3VibWl0QnV0dG9uQ3NzID0gY3NzYFxuICBib3JkZXItcmFkaXVzOiA0cHg7XG4gIGJhY2tncm91bmQtY29sb3I6IGNvcm5mbG93ZXJibHVlO1xuICBjb2xvcjogd2hpdGU7XG4gIGJvcmRlcjogMXB4IHNvbGlkICNkYmRiZGI7XG4gIHBhZGRpbmc6IDRweCAwcHg7XG4gIG1hcmdpbi1ib3R0b206IDVweDtcbiAgbWFyZ2luLWxlZnQ6IC0xMHB4O1xuICBtYXJnaW4tcmlnaHQ6IC0xMHB4O1xuICBtYXJnaW4tdG9wOiA2cHg7XG5gO1xuXG5leHBvcnQgZGVmYXVsdCBSZWdpc3RlcjtcbiJdfQ== */",
                "toString": [Function],
              }
            }
            type="submit"
            value="가입하기"
          >
            <input
              className="css-1aegltd-submitButtonCss-Register"
              type="submit"
              value="가입하기"
            />
          </EmotionCssPropInternal>
        </form>
      </EmotionCssPropInternal>
    </Register>
  </Router>
</BrowserRouter>
`;
