// Jest Snapshot v1, https://goo.gl/fbAQLP

exports[`<Reply /> renders <input>, <button>, and "AddReply" 1`] = `
<Reply
  commentAPI={
    Array [
      Object {
        "_id": "5e90119435a2d94f9e08e35a",
        "id": 1,
        "like": Array [
          "noone@gmail.com",
        ],
        "postLId": 1,
        "replyToCommentId": null,
        "title": "title1",
        "userName": "gibong@gmail.com",
      },
    ]
  }
  currentUser="gibong@gmail.com"
  indexOfCommentOnThisPosting={0}
  posting={
    Object {
      "_id": "5e8ec52d9bb4913b5a844423",
      "id": 1,
      "imageUrl": "http://localhost:3000/static/images/1.jpg",
      "like": Array [
        "gibong@gmail.com",
      ],
      "tag": Array [
        "landscape",
      ],
      "title": "posting with id 1",
      "userName": "gibong@gmail.com",
    }
  }
>
  <EmotionCssPropInternal
    __EMOTION_LABEL_PLEASE_DO_NOT_USE__="Reply"
    __EMOTION_TYPE_PLEASE_DO_NOT_USE__="input"
    css={
      Object {
        "map": "/*# sourceMappingURL=data:application/json;charset=utf-8;base64,eyJ2ZXJzaW9uIjozLCJzb3VyY2VzIjpbIlJlcGx5LmpzIl0sIm5hbWVzIjpbXSwibWFwcGluZ3MiOiJBQTZDb0IiLCJmaWxlIjoiUmVwbHkuanMiLCJzb3VyY2VzQ29udGVudCI6WyJpbXBvcnQgUmVhY3QsIHsgdXNlU3RhdGUgfSBmcm9tICdyZWFjdCc7XG5pbXBvcnQgeyBjc3MgfSBmcm9tICdAZW1vdGlvbi9jb3JlJztcblxuXG5mdW5jdGlvbiBSZXBseSh7XG4gIHBvc3RpbmcsXG4gIGN1cnJlbnRVc2VyLFxuICBpbmRleE9mQ29tbWVudE9uVGhpc1Bvc3RpbmcsXG4gIGFkZENvbW1lbnQsXG4gIGNvbW1lbnRBUElcbn0pIHtcbiAgY29uc3QgW2lucHV0LCBzZXRJbnB1dF0gPSB1c2VTdGF0ZSgnJyk7XG5cbiAgY29uc3Qgb25DaGFuZ2UgPSBlID0+IHtcbiAgICBzZXRJbnB1dChlLnRhcmdldC52YWx1ZSk7XG4gIH07XG5cbiAgY29uc3QgYWRkUmVwbHlUb0NvbW1lbnQgPSAoKSA9PiB7XG4gICAgcmV0dXJuIGFkZENvbW1lbnQoXG4gICAgICBudWxsLFxuICAgICAgcG9zdGluZy5wb3N0TElkLFxuICAgICAgYEAke3Bvc3RpbmcudXNlck5hbWUuc3Vic3RyaW5nKFxuICAgICAgICAwLFxuICAgICAgICBwb3N0aW5nLnVzZXJOYW1lLmluZGV4T2YoJ0AnKVxuICAgICAgKX0gJHtpbnB1dH1gLFxuICAgICAgY3VycmVudFVzZXIsXG4gICAgICBjb21tZW50QVBJW2luZGV4T2ZDb21tZW50T25UaGlzUG9zdGluZ10uaWQsXG4gICAgICBwb3N0aW5nLmlkXG4gICAgKTtcbiAgfTtcblxuICBjb25zdCBhZGRSZXBseSA9ICgpID0+IHtcbiAgICBhZGRSZXBseVRvQ29tbWVudCgpO1xuICB9O1xuXG4gIHJldHVybiAoXG4gICAgPD5cbiAgICAgIDxpbnB1dCB2YWx1ZT17aW5wdXR9IG9uQ2hhbmdlPXtvbkNoYW5nZX0gY3NzPXtbcmVwbHlDc3NdfS8+XG4gICAgICA8YnV0dG9uIHR5cGU9XCJidXR0b25cIiBvbkNsaWNrPXthZGRSZXBseX0gaWQ9XCJidXR0b25SZXBseVwiPlxuICAgICAgICBBZGRSZXBseVxuICAgICAgPC9idXR0b24+XG4gICAgPC8+XG4gICk7XG59XG5cbmNvbnN0IHJlcGx5Q3NzID0gY3NzYFxuYm9yZGVyOiBub25lO1xub3V0bGluZTogbm9uZTtcbmA7XG5cbi8vIFJlcGx5LnByb3BUeXBlcyA9IHtcbi8vICAgY3VycmVudFVzZXI6IFByb3BUeXBlcy5zdHJpbmcsXG4vLyAgIHBvc3Rpbmc6IFByb3BUeXBlcy5vbmVPZlR5cGUoW1Byb3BUeXBlcy5vYmplY3QsIFByb3BUeXBlcy5hcnJheV0pLFxuLy8gICBhZGRDb21tZW50OiBQcm9wVHlwZXMuZWxlbWVudFR5cGUsXG4vLyAgIGNvbW1lbnRBUEk6IFByb3BUeXBlcy5vbmVPZlR5cGUoW1Byb3BUeXBlcy5hcnJheV0pLFxuLy8gICBpbmRleE9mQ29tbWVudE9uVGhpc1Bvc3Rpbmc6IFByb3BUeXBlcy5udW1iZXJcbi8vIH07XG5leHBvcnQgZGVmYXVsdCBSZXBseTtcbiJdfQ== */",
        "name": "1e9bb73-replyCss-Reply",
        "next": undefined,
        "styles": "border:none;outline:none;;label:replyCss;;;label:Reply;/*# sourceMappingURL=data:application/json;charset=utf-8;base64,eyJ2ZXJzaW9uIjozLCJzb3VyY2VzIjpbIlJlcGx5LmpzIl0sIm5hbWVzIjpbXSwibWFwcGluZ3MiOiJBQXFDK0MiLCJmaWxlIjoiUmVwbHkuanMiLCJzb3VyY2VzQ29udGVudCI6WyJpbXBvcnQgUmVhY3QsIHsgdXNlU3RhdGUgfSBmcm9tICdyZWFjdCc7XG5pbXBvcnQgeyBjc3MgfSBmcm9tICdAZW1vdGlvbi9jb3JlJztcblxuXG5mdW5jdGlvbiBSZXBseSh7XG4gIHBvc3RpbmcsXG4gIGN1cnJlbnRVc2VyLFxuICBpbmRleE9mQ29tbWVudE9uVGhpc1Bvc3RpbmcsXG4gIGFkZENvbW1lbnQsXG4gIGNvbW1lbnRBUElcbn0pIHtcbiAgY29uc3QgW2lucHV0LCBzZXRJbnB1dF0gPSB1c2VTdGF0ZSgnJyk7XG5cbiAgY29uc3Qgb25DaGFuZ2UgPSBlID0+IHtcbiAgICBzZXRJbnB1dChlLnRhcmdldC52YWx1ZSk7XG4gIH07XG5cbiAgY29uc3QgYWRkUmVwbHlUb0NvbW1lbnQgPSAoKSA9PiB7XG4gICAgcmV0dXJuIGFkZENvbW1lbnQoXG4gICAgICBudWxsLFxuICAgICAgcG9zdGluZy5wb3N0TElkLFxuICAgICAgYEAke3Bvc3RpbmcudXNlck5hbWUuc3Vic3RyaW5nKFxuICAgICAgICAwLFxuICAgICAgICBwb3N0aW5nLnVzZXJOYW1lLmluZGV4T2YoJ0AnKVxuICAgICAgKX0gJHtpbnB1dH1gLFxuICAgICAgY3VycmVudFVzZXIsXG4gICAgICBjb21tZW50QVBJW2luZGV4T2ZDb21tZW50T25UaGlzUG9zdGluZ10uaWQsXG4gICAgICBwb3N0aW5nLmlkXG4gICAgKTtcbiAgfTtcblxuICBjb25zdCBhZGRSZXBseSA9ICgpID0+IHtcbiAgICBhZGRSZXBseVRvQ29tbWVudCgpO1xuICB9O1xuXG4gIHJldHVybiAoXG4gICAgPD5cbiAgICAgIDxpbnB1dCB2YWx1ZT17aW5wdXR9IG9uQ2hhbmdlPXtvbkNoYW5nZX0gY3NzPXtbcmVwbHlDc3NdfS8+XG4gICAgICA8YnV0dG9uIHR5cGU9XCJidXR0b25cIiBvbkNsaWNrPXthZGRSZXBseX0gaWQ9XCJidXR0b25SZXBseVwiPlxuICAgICAgICBBZGRSZXBseVxuICAgICAgPC9idXR0b24+XG4gICAgPC8+XG4gICk7XG59XG5cbmNvbnN0IHJlcGx5Q3NzID0gY3NzYFxuYm9yZGVyOiBub25lO1xub3V0bGluZTogbm9uZTtcbmA7XG5cbi8vIFJlcGx5LnByb3BUeXBlcyA9IHtcbi8vICAgY3VycmVudFVzZXI6IFByb3BUeXBlcy5zdHJpbmcsXG4vLyAgIHBvc3Rpbmc6IFByb3BUeXBlcy5vbmVPZlR5cGUoW1Byb3BUeXBlcy5vYmplY3QsIFByb3BUeXBlcy5hcnJheV0pLFxuLy8gICBhZGRDb21tZW50OiBQcm9wVHlwZXMuZWxlbWVudFR5cGUsXG4vLyAgIGNvbW1lbnRBUEk6IFByb3BUeXBlcy5vbmVPZlR5cGUoW1Byb3BUeXBlcy5hcnJheV0pLFxuLy8gICBpbmRleE9mQ29tbWVudE9uVGhpc1Bvc3Rpbmc6IFByb3BUeXBlcy5udW1iZXJcbi8vIH07XG5leHBvcnQgZGVmYXVsdCBSZXBseTtcbiJdfQ== */",
        "toString": [Function],
      }
    }
    onChange={[Function]}
    value=""
  >
    <input
      className="css-1e9bb73-replyCss-Reply"
      onChange={[Function]}
      value=""
    />
  </EmotionCssPropInternal>
  <button
    id="buttonReply"
    onClick={[Function]}
    type="button"
  >
    AddReply
  </button>
</Reply>
`;
